Archive member included to satisfy reference by file (symbol)

/usr/lib/gcc/arm-none-eabi/6.3.1/../../../arm-none-eabi/lib/thumb/v6-m/libc.a(lib_a-atexit.o)
                              /usr/lib/gcc/arm-none-eabi/6.3.1/../../../arm-none-eabi/lib/thumb/v6-m/rdimon-crt0.o (atexit)
/usr/lib/gcc/arm-none-eabi/6.3.1/../../../arm-none-eabi/lib/thumb/v6-m/libc.a(lib_a-exit.o)
                              /usr/lib/gcc/arm-none-eabi/6.3.1/../../../arm-none-eabi/lib/thumb/v6-m/rdimon-crt0.o (exit)
/usr/lib/gcc/arm-none-eabi/6.3.1/../../../arm-none-eabi/lib/thumb/v6-m/libc.a(lib_a-fini.o)
                              /usr/lib/gcc/arm-none-eabi/6.3.1/../../../arm-none-eabi/lib/thumb/v6-m/rdimon-crt0.o (__libc_fini_array)
/usr/lib/gcc/arm-none-eabi/6.3.1/../../../arm-none-eabi/lib/thumb/v6-m/libc.a(lib_a-impure.o)
                              /usr/lib/gcc/arm-none-eabi/6.3.1/../../../arm-none-eabi/lib/thumb/v6-m/libc.a(lib_a-exit.o) (_global_impure_ptr)
/usr/lib/gcc/arm-none-eabi/6.3.1/../../../arm-none-eabi/lib/thumb/v6-m/libc.a(lib_a-init.o)
                              /usr/lib/gcc/arm-none-eabi/6.3.1/../../../arm-none-eabi/lib/thumb/v6-m/rdimon-crt0.o (__libc_init_array)
/usr/lib/gcc/arm-none-eabi/6.3.1/../../../arm-none-eabi/lib/thumb/v6-m/libc.a(lib_a-memset.o)
                              /usr/lib/gcc/arm-none-eabi/6.3.1/../../../arm-none-eabi/lib/thumb/v6-m/rdimon-crt0.o (memset)
/usr/lib/gcc/arm-none-eabi/6.3.1/../../../arm-none-eabi/lib/thumb/v6-m/libc.a(lib_a-__atexit.o)
                              /usr/lib/gcc/arm-none-eabi/6.3.1/../../../arm-none-eabi/lib/thumb/v6-m/libc.a(lib_a-atexit.o) (__register_exitproc)
/usr/lib/gcc/arm-none-eabi/6.3.1/../../../arm-none-eabi/lib/thumb/v6-m/libc.a(lib_a-__call_atexit.o)
                              /usr/lib/gcc/arm-none-eabi/6.3.1/../../../arm-none-eabi/lib/thumb/v6-m/libc.a(lib_a-exit.o) (__call_exitprocs)
/usr/lib/gcc/arm-none-eabi/6.3.1/../../../arm-none-eabi/lib/thumb/v6-m/librdimon.a(rdimon-syscalls.o)
                              /usr/lib/gcc/arm-none-eabi/6.3.1/../../../arm-none-eabi/lib/thumb/v6-m/rdimon-crt0.o (initialise_monitor_handles)
/usr/lib/gcc/arm-none-eabi/6.3.1/../../../arm-none-eabi/lib/thumb/v6-m/librdimon.a(rdimon-_exit.o)
                              /usr/lib/gcc/arm-none-eabi/6.3.1/../../../arm-none-eabi/lib/thumb/v6-m/libc.a(lib_a-exit.o) (_exit)
/usr/lib/gcc/arm-none-eabi/6.3.1/../../../arm-none-eabi/lib/thumb/v6-m/librdimon.a(rdimon-_kill.o)
                              /usr/lib/gcc/arm-none-eabi/6.3.1/../../../arm-none-eabi/lib/thumb/v6-m/librdimon.a(rdimon-_exit.o) (_kill)
/usr/lib/gcc/arm-none-eabi/6.3.1/thumb/v6-m/libgcc.a(_thumb1_case_sqi.o)
                              obj/lora-test.o (__gnu_thumb1_case_sqi)
/usr/lib/gcc/arm-none-eabi/6.3.1/thumb/v6-m/libgcc.a(_thumb1_case_uqi.o)
                              obj/system_stm32l0xx.o (__gnu_thumb1_case_uqi)
/usr/lib/gcc/arm-none-eabi/6.3.1/thumb/v6-m/libgcc.a(_thumb1_case_shi.o)
                              obj/LoRaMac.o (__gnu_thumb1_case_shi)
/usr/lib/gcc/arm-none-eabi/6.3.1/thumb/v6-m/libgcc.a(_thumb1_case_uhi.o)
                              obj/LoRaMac.o (__gnu_thumb1_case_uhi)
/usr/lib/gcc/arm-none-eabi/6.3.1/thumb/v6-m/libgcc.a(_udivsi3.o)
                              obj/system_stm32l0xx.o (__aeabi_uidiv)
/usr/lib/gcc/arm-none-eabi/6.3.1/thumb/v6-m/libgcc.a(_divsi3.o)
                              obj/../../../Core/src/mlm32l0xx_hw.o (__aeabi_idiv)
/usr/lib/gcc/arm-none-eabi/6.3.1/thumb/v6-m/libgcc.a(_dvmd_tls.o)
                              /usr/lib/gcc/arm-none-eabi/6.3.1/thumb/v6-m/libgcc.a(_udivsi3.o) (__aeabi_idiv0)
/usr/lib/gcc/arm-none-eabi/6.3.1/thumb/v6-m/libgcc.a(_arm_cmpdf2.o)
                              obj/sx1276.o (__aeabi_dcmpgt)
/usr/lib/gcc/arm-none-eabi/6.3.1/thumb/v6-m/libgcc.a(_arm_cmpsf2.o)
                              obj/hw_rtc.o (__aeabi_fcmplt)
/usr/lib/gcc/arm-none-eabi/6.3.1/thumb/v6-m/libgcc.a(_aeabi_uldivmod.o)
                              obj/hw_rtc.o (__aeabi_uldivmod)
/usr/lib/gcc/arm-none-eabi/6.3.1/thumb/v6-m/libgcc.a(_muldi3.o)
                              obj/tiny_sscanf.o (__aeabi_lmul)
/usr/lib/gcc/arm-none-eabi/6.3.1/thumb/v6-m/libgcc.a(_fixunssfsi.o)
                              obj/hw_rtc.o (__aeabi_f2uiz)
/usr/lib/gcc/arm-none-eabi/6.3.1/thumb/v6-m/libgcc.a(_fixunsdfsi.o)
                              obj/RegionCommon.o (__aeabi_d2uiz)
/usr/lib/gcc/arm-none-eabi/6.3.1/thumb/v6-m/libgcc.a(_udivmoddi4.o)
                              /usr/lib/gcc/arm-none-eabi/6.3.1/thumb/v6-m/libgcc.a(_aeabi_uldivmod.o) (__udivmoddi4)
/usr/lib/gcc/arm-none-eabi/6.3.1/thumb/v6-m/libgcc.a(addsf3.o)
                              obj/hw_rtc.o (__aeabi_fadd)
/usr/lib/gcc/arm-none-eabi/6.3.1/thumb/v6-m/libgcc.a(divsf3.o)
                              obj/hw_rtc.o (__aeabi_fdiv)
/usr/lib/gcc/arm-none-eabi/6.3.1/thumb/v6-m/libgcc.a(eqsf2.o)
[...]
Memory Configuration

Name             Origin             Length             Attributes
RAM              0x0000000020000000 0x0000000000005000 xrw
FLASH            0x0000000008000000 0x0000000000030000 xr
*default*        0x0000000000000000 0xffffffffffffffff

Linker script and memory map

LOAD /usr/lib/gcc/arm-none-eabi/6.3.1/thumb/v6-m/crti.o
LOAD /usr/lib/gcc/arm-none-eabi/6.3.1/thumb/v6-m/crtbegin.o
LOAD /usr/lib/gcc/arm-none-eabi/6.3.1/../../../arm-none-eabi/lib/thumb/v6-m/rdimon-crt0.o
LOAD /usr/lib/gcc/arm-none-eabi/6.3.1/../../../arm-none-eabi/lib/thumb/v6-m/libc.a
LOAD /usr/lib/gcc/arm-none-eabi/6.3.1/../../../arm-none-eabi/lib/thumb/v6-m/librdimon.a
LOAD /tmp/ccS2BH77.o
LOAD obj/main.o
LOAD obj/../../../Core/src/mlm32l0xx_it.o
LOAD obj/system_stm32l0xx.o
LOAD obj/../../../Core/src/mlm32l0xx_hw.o
LOAD obj/at.o
LOAD obj/command.o
LOAD obj/debug.o
LOAD obj/hw_gpio.o
LOAD obj/hw_rtc.o
LOAD obj/hw_spi.o
LOAD obj/vcom.o
LOAD obj/lora.o
LOAD obj/test_rf.o
LOAD obj/tiny_sscanf.o
LOAD obj/tiny_vsnprintf.o
LOAD obj/eeprom.o
LOAD obj/../../../Core/src/mlm32l0xx_hal_msp.o
LOAD obj/stm32l0xx_hal_spi.o
LOAD obj/stm32l0xx_hal_uart.o
LOAD obj/stm32l0xx_hal_uart_ex.o
LOAD obj/stm32l0xx_hal_usart.o
LOAD obj/stm32l0xx_hal_adc.o
LOAD obj/stm32l0xx_hal_adc_ex.o
LOAD obj/stm32l0xx_hal_rcc.o
LOAD obj/stm32l0xx_hal_rcc_ex.o
LOAD obj/stm32l0xx_hal.o
LOAD obj/stm32l0xx_hal_cortex.o
LOAD obj/stm32l0xx_hal_gpio.o
LOAD obj/stm32l0xx_hal_dma.o
LOAD obj/stm32l0xx_hal_pwr.o
LOAD obj/stm32l0xx_hal_pwr_ex.o
LOAD obj/stm32l0xx_hal_rtc.o
LOAD obj/stm32l0xx_hal_rtc_ex.o
LOAD obj/stm32l0xx_hal_tim.o
LOAD obj/stm32l0xx_hal_tim_ex.o
LOAD obj/stm32l0xx_hal_flash.o
LOAD obj/stm32l0xx_hal_flash_ex.o
LOAD obj/stm32l0xx_hal_i2c.o
LOAD obj/stm32l0xx_ll_dma.o
LOAD obj/lora-test.o
LOAD obj/LoRaMac.o
LOAD obj/LoRaMacAdr.o
LOAD obj/LoRaMacClassB.o
LOAD obj/LoRaMacCrypto.o
LOAD obj/LoRaMacSerializer.o
LOAD obj/LoRaMacCommands.o
LOAD obj/LoRaMacConfirmQueue.o
LOAD obj/LoRaMacFCntHandler.o
LOAD obj/LoRaMacParser.o
LOAD obj/Region.o
LOAD obj/RegionCommon.o
LOAD obj/RegionUS915.o
LOAD obj/low_power_manager.o
LOAD obj/timeServer.o
LOAD obj/utilities.o
LOAD obj/queue.o
LOAD obj/systime.o
LOAD obj/trace.o
LOAD obj/aes.o
LOAD obj/cmac.o
LOAD obj/soft-se.o
LOAD obj/HTS221_Driver.o
LOAD obj/HTS221_Driver_HL.o
LOAD obj/LPS25HB_Driver.o
LOAD obj/LPS25HB_Driver_HL.o
LOAD obj/LPS22HB_Driver.o
LOAD obj/LPS22HB_Driver_HL.o
LOAD obj/sx1276.o
LOAD obj/b-l072z-lrwan1.o
LOAD obj/../../../../Drivers/BSP/CMWX1ZZABZ-0xx/mlm32l07x01.o
START GROUP
LOAD /usr/lib/gcc/arm-none-eabi/6.3.1/thumb/v6-m/libgcc.a
LOAD /usr/lib/gcc/arm-none-eabi/6.3.1/../../../arm-none-eabi/lib/thumb/v6-m/libg.a
LOAD /usr/lib/gcc/arm-none-eabi/6.3.1/../../../arm-none-eabi/lib/thumb/v6-m/libc.a
END GROUP
START GROUP
LOAD /usr/lib/gcc/arm-none-eabi/6.3.1/thumb/v6-m/libgcc.a
LOAD /usr/lib/gcc/arm-none-eabi/6.3.1/../../../arm-none-eabi/lib/thumb/v6-m/libc.a
LOAD /usr/lib/gcc/arm-none-eabi/6.3.1/../../../arm-none-eabi/lib/thumb/v6-m/librdimon.a
END GROUP
LOAD /usr/lib/gcc/arm-none-eabi/6.3.1/thumb/v6-m/crtend.o
LOAD /usr/lib/gcc/arm-none-eabi/6.3.1/thumb/v6-m/crtn.o
                0x0000000020005000                _estack = 0x20005000
                0x0000000000000200                _Min_Heap_Size = 0x200
                0x0000000000000400                _Min_Stack_Size = 0x400

.isr_vector     0x0000000008000000       0xc0
                0x0000000008000000                . = ALIGN (0x4)
 *(.isr_vector)
 .isr_vector    0x0000000008000000       0xc0 /tmp/ccS2BH77.o
                0x0000000008000000                g_pfnVectors
                0x00000000080000c0                . = ALIGN (0x4)

.text           0x00000000080000c0    0x169b4
                0x00000000080000c0                . = ALIGN (0x4)
 *(.text)
 .text          0x00000000080000c0       0xb4 /usr/lib/gcc/arm-none-eabi/6.3.1/thumb/v6-m/crtbegin.o
 .text          0x0000000008000174       0x10 /usr/lib/gcc/arm-none-eabi/6.3.1/../../../arm-none-eabi/lib/thumb/v6-m/libc.a(lib_a-atexit.o)
                0x0000000008000174                atexit
 .text          0x0000000008000184       0x34 /usr/lib/gcc/arm-none-eabi/6.3.1/../../../arm-none-eabi/lib/thumb/v6-m/libc.a(lib_a-fini.o)
                0x0000000008000184                __libc_fini_array
 .text          0x00000000080001b8       0x48 /usr/lib/gcc/arm-none-eabi/6.3.1/../../../arm-none-eabi/lib/thumb/v6-m/libc.a(lib_a-init.o)
                0x00000000080001b8                __libc_init_array
 .text          0x0000000008000200       0x9c /usr/lib/gcc/arm-none-eabi/6.3.1/../../../arm-none-eabi/lib/thumb/v6-m/libc.a(lib_a-memset.o)
                0x0000000008000200                memset
 .text          0x000000000800029c       0xd4 /usr/lib/gcc/arm-none-eabi/6.3.1/../../../arm-none-eabi/lib/thumb/v6-m/libc.a(lib_a-__atexit.o)
                0x000000000800029c                __register_exitproc
 .text          0x0000000008000370      0x7f8 /usr/lib/gcc/arm-none-eabi/6.3.1/../../../arm-none-eabi/lib/thumb/v6-m/librdimon.a(rdimon-syscalls.o)
                0x00000000080003c4                _swiread
                0x00000000080003ec                _read
                0x000000000800043c                _swilseek
                0x00000000080004d0                _lseek
                0x00000000080004d8                _swiwrite
                0x0000000008000500                _write
                0x0000000008000570                _swiclose
                0x0000000008000594                _close
                0x00000000080005f8                _getpid
                0x00000000080005fc                _sbrk
                0x0000000008000644                _swistat
                0x0000000008000690                _fstat
                0x00000000080006ac                _stat
                0x00000000080006ec                _swiopen
                0x00000000080007c4                _open
                0x00000000080007d4                _get_semihosting_exts
                0x00000000080008cc                _has_ext_exit_extended
                0x00000000080008e4                _has_ext_stdout_stderr
                0x00000000080008fc                initialise_monitor_handles
                0x00000000080009f0                _link
                0x0000000008000a00                _unlink
                0x0000000008000a3c                _gettimeofday
                0x0000000008000a68                _clock
                0x0000000008000a7c                _times
                0x0000000008000a9c                _isatty
                0x0000000008000adc                _system
                0x0000000008000b2c                _rename
 .text          0x0000000008000b68       0x14 /usr/lib/gcc/arm-none-eabi/6.3.1/thumb/v6-m/libgcc.a(_thumb1_case_sqi.o)
                0x0000000008000b68                __gnu_thumb1_case_sqi
 .text          0x0000000008000b7c       0x14 /usr/lib/gcc/arm-none-eabi/6.3.1/thumb/v6-m/libgcc.a(_thumb1_case_uqi.o)
                0x0000000008000b7c                __gnu_thumb1_case_uqi
 .text          0x0000000008000b90       0x14 /usr/lib/gcc/arm-none-eabi/6.3.1/thumb/v6-m/libgcc.a(_thumb1_case_shi.o)
                0x0000000008000b90                __gnu_thumb1_case_shi
 .text          0x0000000008000ba4       0x14 /usr/lib/gcc/arm-none-eabi/6.3.1/thumb/v6-m/libgcc.a(_thumb1_case_uhi.o)
                0x0000000008000ba4                __gnu_thumb1_case_uhi
 .text          0x0000000008000bb8      0x114 /usr/lib/gcc/arm-none-eabi/6.3.1/thumb/v6-m/libgcc.a(_udivsi3.o)
                0x0000000008000bb8                __udivsi3
                0x0000000008000bb8                __aeabi_uidiv
                0x0000000008000cc4                __aeabi_uidivmod
 .text          0x0000000008000ccc      0x1d4 /usr/lib/gcc/arm-none-eabi/6.3.1/thumb/v6-m/libgcc.a(_divsi3.o)
                0x0000000008000ccc                __aeabi_idiv
                0x0000000008000ccc                __divsi3
                0x0000000008000e98                __aeabi_idivmod
 .text          0x0000000008000ea0        0x4 /usr/lib/gcc/arm-none-eabi/6.3.1/thumb/v6-m/libgcc.a(_dvmd_tls.o)
                0x0000000008000ea0                __aeabi_ldiv0
                0x0000000008000ea0                __aeabi_idiv0
 .text          0x0000000008000ea4       0x7c /usr/lib/gcc/arm-none-eabi/6.3.1/thumb/v6-m/libgcc.a(_arm_cmpdf2.o)
                0x0000000008000ea4                __aeabi_cdrcmple
                0x0000000008000eb4                __aeabi_cdcmple
                0x0000000008000eb4                __aeabi_cdcmpeq
                0x0000000008000ec4                __aeabi_dcmpeq
                0x0000000008000ed0                __aeabi_dcmplt
                0x0000000008000ee4                __aeabi_dcmple
                0x0000000008000ef8                __aeabi_dcmpgt
                0x0000000008000f0c                __aeabi_dcmpge
 .text          0x0000000008000f20       0x40 /usr/lib/gcc/arm-none-eabi/6.3.1/thumb/v6-m/libgcc.a(_aeabi_uldivmod.o)
                0x0000000008000f20                __aeabi_uldivmod
 .text          0x0000000008000f60       0x54 /usr/lib/gcc/arm-none-eabi/6.3.1/thumb/v6-m/libgcc.a(_muldi3.o)
                0x0000000008000f60                __aeabi_lmul
                0x0000000008000f60                __muldi3
 .text          0x0000000008000fb4       0x3c /usr/lib/gcc/arm-none-eabi/6.3.1/thumb/v6-m/libgcc.a(_fixunsdfsi.o)
                0x0000000008000fb4                __fixunsdfsi
                0x0000000008000fb4                __aeabi_d2uiz
 .text          0x0000000008000ff0      0x180 /usr/lib/gcc/arm-none-eabi/6.3.1/thumb/v6-m/libgcc.a(_udivmoddi4.o)
                0x0000000008000ff0                __udivmoddi4
 .text          0x0000000008001170      0x338 /usr/lib/gcc/arm-none-eabi/6.3.1/thumb/v6-m/libgcc.a(subsf3.o)
                0x0000000008001170                __aeabi_fsub
 .text          0x00000000080014a8       0x8c /usr/lib/gcc/arm-none-eabi/6.3.1/thumb/v6-m/libgcc.a(floatunsisf.o)
                0x00000000080014a8                __aeabi_ui2f
 .text          0x0000000008001534      0x620 /usr/lib/gcc/arm-none-eabi/6.3.1/thumb/v6-m/libgcc.a(adddf3.o)
                0x0000000008001534                __aeabi_dadd
 .text          0x0000000008001b54      0x668 /usr/lib/gcc/arm-none-eabi/6.3.1/thumb/v6-m/libgcc.a(divdf3.o)
                0x0000000008001b54                __aeabi_ddiv
 .text          0x00000000080021bc       0x74 /usr/lib/gcc/arm-none-eabi/6.3.1/thumb/v6-m/libgcc.a(eqdf2.o)
                0x00000000080021bc                __eqdf2
                0x00000000080021bc                __nedf2
 .text          0x0000000008002230       0xc8 /usr/lib/gcc/arm-none-eabi/6.3.1/thumb/v6-m/libgcc.a(gedf2.o)
                0x0000000008002230                __gtdf2
                0x0000000008002230                __gedf2
 .text          0x00000000080022f8       0xc4 /usr/lib/gcc/arm-none-eabi/6.3.1/thumb/v6-m/libgcc.a(ledf2.o)
                0x00000000080022f8                __ltdf2
                0x00000000080022f8                __ledf2
 .text          0x00000000080023bc      0x500 /usr/lib/gcc/arm-none-eabi/6.3.1/thumb/v6-m/libgcc.a(muldf3.o)
                0x00000000080023bc                __aeabi_dmul
 .text          0x00000000080028bc      0x62c /usr/lib/gcc/arm-none-eabi/6.3.1/thumb/v6-m/libgcc.a(subdf3.o)
                0x00000000080028bc                __aeabi_dsub
 .text          0x0000000008002ee8       0x68 /usr/lib/gcc/arm-none-eabi/6.3.1/thumb/v6-m/libgcc.a(fixdfsi.o)
                0x0000000008002ee8                __aeabi_d2iz
 .text          0x0000000008002f50       0x84 /usr/lib/gcc/arm-none-eabi/6.3.1/thumb/v6-m/libgcc.a(floatsidf.o)
                0x0000000008002f50                __aeabi_i2d
 .text          0x0000000008002fd4       0x70 /usr/lib/gcc/arm-none-eabi/6.3.1/thumb/v6-m/libgcc.a(floatunsidf.o)
                0x0000000008002fd4                __aeabi_ui2d
 .text          0x0000000008003044       0xa4 /usr/lib/gcc/arm-none-eabi/6.3.1/thumb/v6-m/libgcc.a(extendsfdf2.o)
                0x0000000008003044                __aeabi_f2d
 .text          0x00000000080030e8       0x3c /usr/lib/gcc/arm-none-eabi/6.3.1/thumb/v6-m/libgcc.a(_clzsi2.o)
                0x00000000080030e8                __clzsi2
 .text          0x0000000008003124       0x18 /usr/lib/gcc/arm-none-eabi/6.3.1/thumb/v6-m/libgcc.a(_clzdi2.o)
                0x0000000008003124                __clzdi2
 .text          0x000000000800313c        0xc /usr/lib/gcc/arm-none-eabi/6.3.1/../../../arm-none-eabi/lib/thumb/v6-m/libg.a(lib_a-errno.o)
                0x000000000800313c                __errno
 .text          0x0000000008003148      0x224 /usr/lib/gcc/arm-none-eabi/6.3.1/../../../arm-none-eabi/lib/thumb/v6-m/libg.a(lib_a-findfp.o)
                0x000000000800314c                _cleanup_r
                0x0000000008003248                __sfmoreglue
                0x0000000008003278                __sfp
                0x0000000008003304                _cleanup
                0x000000000800331c                __sinit
                0x000000000800332c                __sfp_lock_acquire
                0x0000000008003330                __sfp_lock_release
                0x0000000008003334                __sinit_lock_acquire
                0x0000000008003338                __sinit_lock_release
                0x000000000800333c                __fp_lock_all
                0x0000000008003354                __fp_unlock_all
 .text          0x000000000800336c       0x90 /usr/lib/gcc/arm-none-eabi/6.3.1/../../../arm-none-eabi/lib/thumb/v6-m/libg.a(lib_a-fwalk.o)
                0x000000000800336c                _fwalk
                0x00000000080033b0                _fwalk_reent
 .text          0x00000000080033fc      0x570 /usr/lib/gcc/arm-none-eabi/6.3.1/../../../arm-none-eabi/lib/thumb/v6-m/libg.a(lib_a-mallocr.o)
                0x00000000080033fc                _malloc_r
 .text          0x000000000800396c       0x88 /usr/lib/gcc/arm-none-eabi/6.3.1/../../../arm-none-eabi/lib/thumb/v6-m/libg.a(lib_a-memcpy-stub.o)
                0x000000000800396c                memcpy
 .text          0x00000000080039f4        0x8 /usr/lib/gcc/arm-none-eabi/6.3.1/../../../arm-none-eabi/lib/thumb/v6-m/libg.a(lib_a-mlock.o)
                0x00000000080039f4                __malloc_lock
                0x00000000080039f8                __malloc_unlock
 .text          0x00000000080039fc       0x24 /usr/lib/gcc/arm-none-eabi/6.3.1/../../../arm-none-eabi/lib/thumb/v6-m/libg.a(lib_a-sbrkr.o)
                0x00000000080039fc                _sbrk_r
 .text          0x0000000008003a20       0xa0 /usr/lib/gcc/arm-none-eabi/6.3.1/../../../arm-none-eabi/lib/thumb/v6-m/libg.a(lib_a-stdio.o)
                0x0000000008003a20                __sread
                0x0000000008003a48                __seofread
                0x0000000008003a4c                __swrite
                0x0000000008003a88                __sseek
                0x0000000008003ab4                __sclose
 .text          0x0000000008003ac0       0x64 /usr/lib/gcc/arm-none-eabi/6.3.1/../../../arm-none-eabi/lib/thumb/v6-m/libg.a(lib_a-strlen-stub.o)
                0x0000000008003ac0                strlen
 .text          0x0000000008003b24       0x8c /usr/lib/gcc/arm-none-eabi/6.3.1/../../../arm-none-eabi/lib/thumb/v6-m/libg.a(lib_a-strncmp.o)
                0x0000000008003b24                strncmp
 .text          0x0000000008003bb0       0x94 /usr/lib/gcc/arm-none-eabi/6.3.1/../../../arm-none-eabi/lib/thumb/v6-m/libg.a(lib_a-vsnprintf.o)
                0x0000000008003bb0                _vsnprintf_r
                0x0000000008003c24                vsnprintf
 .text          0x0000000008003c44       0x28 /usr/lib/gcc/arm-none-eabi/6.3.1/../../../arm-none-eabi/lib/thumb/v6-m/libg.a(lib_a-writer.o)
                0x0000000008003c44                _write_r
 .text          0x0000000008003c6c       0x24 /usr/lib/gcc/arm-none-eabi/6.3.1/../../../arm-none-eabi/lib/thumb/v6-m/libg.a(lib_a-closer.o)
                0x0000000008003c6c                _close_r
 .text          0x0000000008003c90     0x10a0 /usr/lib/gcc/arm-none-eabi/6.3.1/../../../arm-none-eabi/lib/thumb/v6-m/libg.a(lib_a-dtoa.o)
                0x0000000008003de4                _dtoa_r
 .text          0x0000000008004d30       0xa8 /usr/lib/gcc/arm-none-eabi/6.3.1/../../../arm-none-eabi/lib/thumb/v6-m/libg.a(lib_a-fclose.o)
                0x0000000008004d30                _fclose_r
                0x0000000008004dc4                fclose
 .text          0x0000000008004dd8      0x1a4 /usr/lib/gcc/arm-none-eabi/6.3.1/../../../arm-none-eabi/lib/thumb/v6-m/libg.a(lib_a-fflush.o)
                0x0000000008004dd8                __sflush_r
                0x0000000008004f28                _fflush_r
                0x0000000008004f54                fflush
 .text          0x0000000008004f7c      0x274 /usr/lib/gcc/arm-none-eabi/6.3.1/../../../arm-none-eabi/lib/thumb/v6-m/libg.a(lib_a-freer.o)
                0x0000000008004f7c                _malloc_trim_r
                0x000000000800501c                _free_r
 .text          0x00000000080051f0       0x34 /usr/lib/gcc/arm-none-eabi/6.3.1/../../../arm-none-eabi/lib/thumb/v6-m/libg.a(lib_a-localeconv.o)
                0x00000000080051f0                __localeconv_l
                0x00000000080051f4                _localeconv_r
                0x000000000800520c                localeconv
 .text          0x0000000008005224       0x28 /usr/lib/gcc/arm-none-eabi/6.3.1/../../../arm-none-eabi/lib/thumb/v6-m/libg.a(lib_a-lseekr.o)
                0x0000000008005224                _lseek_r
 .text          0x000000000800524c       0x80 /usr/lib/gcc/arm-none-eabi/6.3.1/../../../arm-none-eabi/lib/thumb/v6-m/libg.a(lib_a-memchr-stub.o)
                0x000000000800524c                memchr
 .text          0x00000000080052cc      0x984 /usr/lib/gcc/arm-none-eabi/6.3.1/../../../arm-none-eabi/lib/thumb/v6-m/libg.a(lib_a-mprec.o)
                0x00000000080052cc                _Balloc
                0x000000000800531c                _Bfree
                0x0000000008005330                __multadd
                0x00000000080053bc                __s2b
                0x000000000800544c                __hi0bits
                0x0000000008005484                __lo0bits
                0x00000000080054e0                __i2b
                0x00000000080054f4                __multiply
                0x000000000800566c                __pow5mult
                0x000000000800572c                __lshift
                0x00000000080057f4                __mcmp
                0x0000000008005828                __mdiff
                0x000000000800594c                __ulp
                0x0000000008005998                __b2d
                0x0000000008005a54                __d2b
                0x0000000008005b10                __ratio
                0x0000000008005b84                _mprec_log10
                0x0000000008005bb8                __copybits
                0x0000000008005bf8                __any_on
 .text          0x0000000008005c50       0x28 /usr/lib/gcc/arm-none-eabi/6.3.1/../../../arm-none-eabi/lib/thumb/v6-m/libg.a(lib_a-readr.o)
                0x0000000008005c50                _read_r
 .text          0x0000000008005c78     0x1608 /usr/lib/gcc/arm-none-eabi/6.3.1/../../../arm-none-eabi/lib/thumb/v6-m/libg.a(lib_a-svfprintf.o)
                0x0000000008005c78                _svfprintf_r
 .text          0x0000000008007280       0x58 /usr/lib/gcc/arm-none-eabi/6.3.1/../../../arm-none-eabi/lib/thumb/v6-m/libg.a(lib_a-callocr.o)
                0x0000000008007280                _calloc_r
 .text          0x00000000080072d8       0x54 /usr/lib/gcc/arm-none-eabi/6.3.1/../../../arm-none-eabi/lib/thumb/v6-m/libg.a(lib_a-mbtowc_r.o)
                0x00000000080072d8                _mbtowc_r
                0x0000000008007300                __ascii_mbtowc
 .text          0x000000000800732c       0x9c /usr/lib/gcc/arm-none-eabi/6.3.1/../../../arm-none-eabi/lib/thumb/v6-m/libg.a(lib_a-memmove.o)
                0x000000000800732c                memmove
 .text          0x00000000080073c8      0x3b0 /usr/lib/gcc/arm-none-eabi/6.3.1/../../../arm-none-eabi/lib/thumb/v6-m/libg.a(lib_a-reallocr.o)
                0x00000000080073c8                _realloc_r
 .text          0x0000000008007778      0xb1c /usr/lib/gcc/arm-none-eabi/6.3.1/../../../arm-none-eabi/lib/thumb/v6-m/libg.a(lib_a-svfiprintf.o)
                0x0000000008007778                __ssprint_r
                0x0000000008007890                _svfiprintf_r
 .text          0x0000000008008294       0x3c /usr/lib/gcc/arm-none-eabi/6.3.1/../../../arm-none-eabi/lib/thumb/v6-m/libg.a(lib_a-wctomb_r.o)
                0x0000000008008294                _wctomb_r
                0x00000000080082b4                __ascii_wctomb
 .text          0x00000000080082d0       0x40 /usr/lib/gcc/arm-none-eabi/6.3.1/thumb/v6-m/libgcc.a(unorddf2.o)
                0x00000000080082d0                __aeabi_dcmpun
 .text          0x0000000008008310      0x128 /usr/lib/gcc/arm-none-eabi/6.3.1/../../../arm-none-eabi/lib/thumb/v6-m/libm.a(lib_a-s_ceil.o)
                0x0000000008008310                ceil
 .text          0x0000000008008438      0x138 /usr/lib/gcc/arm-none-eabi/6.3.1/../../../arm-none-eabi/lib/thumb/v6-m/libm.a(lib_a-s_floor.o)
                0x0000000008008438                floor
 .text          0x0000000008008570       0xb0 /usr/lib/gcc/arm-none-eabi/6.3.1/../../../arm-none-eabi/lib/thumb/v6-m/libm.a(lib_a-s_round.o)
                0x0000000008008570                round
 .text          0x0000000008008620      0x110 /usr/lib/gcc/arm-none-eabi/6.3.1/../../../arm-none-eabi/lib/thumb/v6-m/libm.a(lib_a-w_log.o)
                0x0000000008008620                log
 .text          0x0000000008008730      0x3ac /usr/lib/gcc/arm-none-eabi/6.3.1/../../../arm-none-eabi/lib/thumb/v6-m/libm.a(lib_a-e_log.o)
                0x0000000008008730                __ieee754_log
 .text          0x0000000008008adc        0x4 /usr/lib/gcc/arm-none-eabi/6.3.1/../../../arm-none-eabi/lib/thumb/v6-m/libm.a(lib_a-s_matherr.o)
                0x0000000008008adc                matherr
 .text          0x0000000008008ae0        0xc /usr/lib/gcc/arm-none-eabi/6.3.1/../../../arm-none-eabi/lib/thumb/v6-m/libm.a(lib_a-s_nan.o)
                0x0000000008008ae0                nan
 *(.text*)
 .text.startup  0x0000000008008aec       0x18 /usr/lib/gcc/arm-none-eabi/6.3.1/../../../arm-none-eabi/lib/thumb/v6-m/libc.a(lib_a-__call_atexit.o)
 .text.Reset_Handler
                0x0000000008008b04       0x50 /tmp/ccS2BH77.o
                0x0000000008008b04                Reset_Handler
 .text.Default_Handler
                0x0000000008008b54        0x2 /tmp/ccS2BH77.o
                0x0000000008008b54                TSC_IRQHandler
                0x0000000008008b54                HardFault_Handler
                0x0000000008008b54                ADC1_COMP_IRQHandler
                0x0000000008008b54                SysTick_Handler
                0x0000000008008b54                PVD_IRQHandler
                0x0000000008008b54                PendSV_Handler
                0x0000000008008b54                NMI_Handler
                0x0000000008008b54                I2C1_IRQHandler
                0x0000000008008b54                RCC_CRS_IRQHandler
                0x0000000008008b54                SPI1_IRQHandler
                0x0000000008008b54                TIM6_DAC_IRQHandler
                0x0000000008008b54                I2C2_IRQHandler
                0x0000000008008b54                TIM3_IRQHandler
                0x0000000008008b54                DMA1_Channel1_IRQHandler
                0x0000000008008b54                USART4_5_IRQHandler
                0x0000000008008b54                Default_Handler
                0x0000000008008b54                TIM22_IRQHandler
                0x0000000008008b54                TIM7_IRQHandler
                0x0000000008008b54                USB_IRQHandler
                0x0000000008008b54                I2C3_IRQHandler
                0x0000000008008b54                SPI2_IRQHandler
                0x0000000008008b54                SVC_Handler
                0x0000000008008b54                TIM21_IRQHandler
                0x0000000008008b54                WWDG_IRQHandler
                0x0000000008008b54                TIM2_IRQHandler
                0x0000000008008b54                DMA1_Channel2_3_IRQHandler
                0x0000000008008b54                USART2_IRQHandler
                0x0000000008008b54                FLASH_IRQHandler
                0x0000000008008b54                USART1_IRQHandler
                0x0000000008008b54                LPTIM1_IRQHandler
 *fill*         0x0000000008008b56        0x2 
 .text.LORA_ConfirmClass
                0x0000000008008b58       0x18 obj/main.o
 .text.LORA_HasJoined
                0x0000000008008b70       0x10 obj/main.o
 .text.LORA_TxNeeded
                0x0000000008008b80       0x18 obj/main.o
 .text.LoraRxData
                0x0000000008008b98       0x10 obj/main.o
 .text.startup.main
                0x0000000008008ba8       0x84 obj/main.o
                0x0000000008008ba8                main
 .text.RTC_IRQHandler
                0x0000000008008c2c        0x8 obj/../../../Core/src/mlm32l0xx_it.o
                0x0000000008008c2c                RTC_IRQHandler
 .text.EXTI0_1_IRQHandler
                0x0000000008008c34       0x10 obj/../../../Core/src/mlm32l0xx_it.o
                0x0000000008008c34                EXTI0_1_IRQHandler
 .text.EXTI2_3_IRQHandler
                0x0000000008008c44       0x10 obj/../../../Core/src/mlm32l0xx_it.o
                0x0000000008008c44                EXTI2_3_IRQHandler
 .text.EXTI4_15_IRQHandler
                0x0000000008008c54       0x5c obj/../../../Core/src/mlm32l0xx_it.o
                0x0000000008008c54                EXTI4_15_IRQHandler
 .text.RNG_LPUART1_IRQHandler
                0x0000000008008cb0        0x8 obj/../../../Core/src/mlm32l0xx_it.o
                0x0000000008008cb0                RNG_LPUART1_IRQHandler
 .text.DMA1_Channel4_5_6_7_IRQHandler
                0x0000000008008cb8        0x8 obj/../../../Core/src/mlm32l0xx_it.o
                0x0000000008008cb8                DMA1_Channel4_5_6_7_IRQHandler
 .text.SystemInit
                0x0000000008008cc0       0x5c obj/system_stm32l0xx.o
                0x0000000008008cc0                SystemInit
 .text.HW_GpioInit
                0x0000000008008d1c       0xb4 obj/../../../Core/src/mlm32l0xx_hw.o
                0x0000000008008d1c                HW_GpioInit
 .text.SystemClock_Config
                0x0000000008008dd0       0x94 obj/../../../Core/src/mlm32l0xx_hw.o
                0x0000000008008dd0                SystemClock_Config
 .text.HW_GetRandomSeed
                0x0000000008008e64       0x20 obj/../../../Core/src/mlm32l0xx_hw.o
                0x0000000008008e64                HW_GetRandomSeed
 .text.HW_GetUniqueId
                0x0000000008008e84       0x54 obj/../../../Core/src/mlm32l0xx_hw.o
                0x0000000008008e84                HW_GetUniqueId
 .text.HW_AdcInit
                0x0000000008008ed8       0x5c obj/../../../Core/src/mlm32l0xx_hw.o
                0x0000000008008ed8                HW_AdcInit
 .text.HW_Init  0x0000000008008f34       0x48 obj/../../../Core/src/mlm32l0xx_hw.o
                0x0000000008008f34                HW_Init
 .text.HW_AdcReadChannel
                0x0000000008008f7c       0x9c obj/../../../Core/src/mlm32l0xx_hw.o
                0x0000000008008f7c                HW_AdcReadChannel
 .text.HW_GetTemperatureLevel
                0x0000000008009018       0x64 obj/../../../Core/src/mlm32l0xx_hw.o
                0x0000000008009018                HW_GetTemperatureLevel
 .text.HW_GetBatteryLevel
                0x000000000800907c       0x54 obj/../../../Core/src/mlm32l0xx_hw.o
                0x000000000800907c                HW_GetBatteryLevel
 .text.print_8_02x
                0x00000000080090d0       0x2c obj/at.o
 .text.print_16_02x
                0x00000000080090fc       0x4c obj/at.o
 .text.print_d  0x0000000008009148       0x10 obj/at.o
 .text.sscanf_16_hhx
                0x0000000008009158       0x50 obj/at.o
 .text.translate_status
                0x00000000080091a8       0x1c obj/at.o
 .text.set_at_receive
                0x00000000080091c4       0x34 obj/at.o
                0x00000000080091c4                set_at_receive
 .text.at_return_error
                0x00000000080091f8        0x4 obj/at.o
                0x00000000080091f8                at_return_error
 .text.at_reset
                0x00000000080091fc       0x1c obj/at.o
                0x00000000080091fc                at_reset
 .text.at_DevEUI_get
                0x0000000008009218        0xe obj/at.o
                0x0000000008009218                at_DevEUI_get
 *fill*         0x0000000008009226        0x2 
 .text.at_DevEUI_set
                0x0000000008009228       0x70 obj/at.o
                0x0000000008009228                at_DevEUI_set
 .text.at_JoinEUI_get
                0x0000000008009298        0xe obj/at.o
                0x0000000008009298                at_JoinEUI_get
 *fill*         0x00000000080092a6        0x2 
 .text.at_JoinEUI_set
                0x00000000080092a8       0x70 obj/at.o
                0x00000000080092a8                at_JoinEUI_set
 .text.at_DevAddr_set
                0x0000000008009318       0x7c obj/at.o
                0x0000000008009318                at_DevAddr_set
 .text.at_DevAddr_get
                0x0000000008009394       0x3c obj/at.o
                0x0000000008009394                at_DevAddr_get
 .text.at_AppKey_get
                0x00000000080093d0        0xe obj/at.o
                0x00000000080093d0                at_AppKey_get
 *fill*         0x00000000080093de        0x2 
 .text.at_AppKey_set
                0x00000000080093e0       0x5c obj/at.o
                0x00000000080093e0                at_AppKey_set
 .text.at_NwkSKey_get
                0x000000000800943c       0x24 obj/at.o
                0x000000000800943c                at_NwkSKey_get
 .text.at_NwkSKey_set
                0x0000000008009460       0x6c obj/at.o
                0x0000000008009460                at_NwkSKey_set
 .text.at_AppSKey_get
                0x00000000080094cc       0x24 obj/at.o
                0x00000000080094cc                at_AppSKey_get
 .text.at_AppSKey_set
                0x00000000080094f0       0x6c obj/at.o
                0x00000000080094f0                at_AppSKey_set
 .text.at_Certif
                0x000000000800955c        0xa obj/at.o
                0x000000000800955c                at_Certif
 .text.at_ADR_get
                0x0000000008009566       0x26 obj/at.o
                0x0000000008009566                at_ADR_get
 .text.at_ADR_set
                0x000000000800958c       0x48 obj/at.o
                0x000000000800958c                at_ADR_set
 .text.at_TransmitPower_get
                0x00000000080095d4       0x28 obj/at.o
                0x00000000080095d4                at_TransmitPower_get
 .text.at_TransmitPower_set
                0x00000000080095fc       0x4c obj/at.o
                0x00000000080095fc                at_TransmitPower_set
 .text.at_DataRate_get
                0x0000000008009648       0x4a obj/at.o
                0x0000000008009648                at_DataRate_get
 *fill*         0x0000000008009692        0x2 
 .text.at_DataRate_set
                0x0000000008009694       0x40 obj/at.o
                0x0000000008009694                at_DataRate_set
 .text.at_DutyCycle_set
                0x00000000080096d4       0x1e obj/at.o
                0x00000000080096d4                at_DutyCycle_set
 *fill*         0x00000000080096f2        0x2 
 .text.at_DutyCycle_get
                0x00000000080096f4       0x20 obj/at.o
                0x00000000080096f4                at_DutyCycle_get
 .text.at_PublicNetwork_get
                0x0000000008009714       0x26 obj/at.o
                0x0000000008009714                at_PublicNetwork_get
 *fill*         0x000000000800973a        0x2 
 .text.at_PublicNetwork_set
                0x000000000800973c       0x4c obj/at.o
                0x000000000800973c                at_PublicNetwork_set
 .text.at_Rx2Frequency_get
                0x0000000008009788       0x24 obj/at.o
                0x0000000008009788                at_Rx2Frequency_get
 .text.at_Rx2Frequency_set
                0x00000000080097ac       0x58 obj/at.o
                0x00000000080097ac                at_Rx2Frequency_set
 .text.at_Rx2DataRate_get
                0x0000000008009804       0x26 obj/at.o
                0x0000000008009804                at_Rx2DataRate_get
 *fill*         0x000000000800982a        0x2 
 .text.at_Rx2DataRate_set
                0x000000000800982c       0x5c obj/at.o
                0x000000000800982c                at_Rx2DataRate_set
 .text.at_Rx1Delay_get
                0x0000000008009888       0x2c obj/at.o
                0x0000000008009888                at_Rx1Delay_get
 .text.at_Rx1Delay_set
                0x00000000080098b4       0x48 obj/at.o
                0x00000000080098b4                at_Rx1Delay_set
 .text.at_Rx2Delay_get
                0x00000000080098fc       0x2c obj/at.o
                0x00000000080098fc                at_Rx2Delay_get
 .text.at_Rx2Delay_set
                0x0000000008009928       0x48 obj/at.o
                0x0000000008009928                at_Rx2Delay_set
 .text.at_JoinAcceptDelay1_get
                0x0000000008009970       0x2c obj/at.o
                0x0000000008009970                at_JoinAcceptDelay1_get
 .text.at_JoinAcceptDelay1_set
                0x000000000800999c       0x48 obj/at.o
                0x000000000800999c                at_JoinAcceptDelay1_set
 .text.at_JoinAcceptDelay2_get
                0x00000000080099e4       0x2c obj/at.o
                0x00000000080099e4                at_JoinAcceptDelay2_get
 .text.at_JoinAcceptDelay2_set
                0x0000000008009a10       0x48 obj/at.o
                0x0000000008009a10                at_JoinAcceptDelay2_set
 .text.at_NetworkJoinMode_get
                0x0000000008009a58       0x14 obj/at.o
                0x0000000008009a58                at_NetworkJoinMode_get
 .text.at_NetworkJoinMode_set
                0x0000000008009a6c       0x34 obj/at.o
                0x0000000008009a6c                at_NetworkJoinMode_set
 .text.at_NetworkID_get
                0x0000000008009aa0       0x3c obj/at.o
                0x0000000008009aa0                at_NetworkID_get
 .text.at_NetworkID_set
                0x0000000008009adc       0x58 obj/at.o
                0x0000000008009adc                at_NetworkID_set
 .text.at_DeviceClass_get
                0x0000000008009b34       0x30 obj/at.o
                0x0000000008009b34                at_DeviceClass_get
 .text.at_DeviceClass_set
                0x0000000008009b64       0x40 obj/at.o
                0x0000000008009b64                at_DeviceClass_set
 .text.at_Join  0x0000000008009ba4        0xe obj/at.o
                0x0000000008009ba4                at_Join
 .text.at_NetworkJoinStatus
                0x0000000008009bb2       0x16 obj/at.o
                0x0000000008009bb2                at_NetworkJoinStatus
 .text.at_SendBinary
                0x0000000008009bc8       0xa4 obj/at.o
                0x0000000008009bc8                at_SendBinary
 .text.at_Send  0x0000000008009c6c       0x7c obj/at.o
                0x0000000008009c6c                at_Send
 .text.at_ReceiveBinary
                0x0000000008009ce8       0x48 obj/at.o
                0x0000000008009ce8                at_ReceiveBinary
 .text.at_Receive
                0x0000000008009d30       0x44 obj/at.o
                0x0000000008009d30                at_Receive
 .text.at_version_get
                0x0000000008009d74       0x10 obj/at.o
                0x0000000008009d74                at_version_get
 .text.at_ack_set
                0x0000000008009d84       0x3c obj/at.o
                0x0000000008009d84                at_ack_set
 .text.at_ack_get
                0x0000000008009dc0       0x14 obj/at.o
                0x0000000008009dc0                at_ack_get
 .text.at_isack_get
                0x0000000008009dd4       0x14 obj/at.o
                0x0000000008009dd4                at_isack_get
 .text.at_snr_get
                0x0000000008009de8       0x18 obj/at.o
                0x0000000008009de8                at_snr_get
 .text.at_rssi_get
                0x0000000008009e00        0xe obj/at.o
                0x0000000008009e00                at_rssi_get
 *fill*         0x0000000008009e0e        0x2 
 .text.at_bat_get
                0x0000000008009e10       0x18 obj/at.o
                0x0000000008009e10                at_bat_get
 .text.at_test_txTone
                0x0000000008009e28       0x12 obj/at.o
                0x0000000008009e28                at_test_txTone
 .text.at_test_rxTone
                0x0000000008009e3a       0x12 obj/at.o
                0x0000000008009e3a                at_test_rxTone
 .text.at_test_txlora
                0x0000000008009e4c       0x14 obj/at.o
                0x0000000008009e4c                at_test_txlora
 .text.at_test_rxlora
                0x0000000008009e60        0xa obj/at.o
                0x0000000008009e60                at_test_rxlora
 .text.at_test_get_lora_config
                0x0000000008009e6a       0x12 obj/at.o
                0x0000000008009e6a                at_test_get_lora_config
 .text.at_test_set_lora_config
                0x0000000008009e7c       0x12 obj/at.o
                0x0000000008009e7c                at_test_set_lora_config
 .text.at_test_stop
                0x0000000008009e8e        0x8 obj/at.o
                0x0000000008009e8e                at_test_stop
 *fill*         0x0000000008009e96        0x2 
 .text.at_subband_get
                0x0000000008009e98       0x64 obj/at.o
                0x0000000008009e98                at_subband_get
 .text.at_subband_set
                0x0000000008009efc       0x34 obj/at.o
                0x0000000008009efc                at_subband_set
 .text.at_reset_params
                0x0000000008009f30       0x30 obj/at.o
                0x0000000008009f30                at_reset_params
 .text.at_self_test
                0x0000000008009f60      0x198 obj/at.o
                0x0000000008009f60                at_self_test
 .text.at_enter_bootload
                0x000000000800a0f8       0x60 obj/at.o
                0x000000000800a0f8                at_enter_bootload
 .text.CMD_GetChar
                0x000000000800a158       0x20 obj/command.o
 .text.CMD_Init
                0x000000000800a178       0x18 obj/command.o
                0x000000000800a178                CMD_Init
 .text.CMD_Process
                0x000000000800a190      0x144 obj/command.o
                0x000000000800a190                CMD_Process
 .text.Error_Handler
                0x000000000800a2d4       0x10 obj/debug.o
                0x000000000800a2d4                Error_Handler
 .text.HW_GPIO_GetBitPos
                0x000000000800a2e4       0x3c obj/hw_gpio.o
 .text.HW_GPIO_Init
                0x000000000800a320       0x98 obj/hw_gpio.o
                0x000000000800a320                HW_GPIO_Init
 .text.HW_GPIO_SetIrq
                0x000000000800a3b8       0x34 obj/hw_gpio.o
                0x000000000800a3b8                HW_GPIO_SetIrq
 .text.HW_GPIO_IrqHandler
                0x000000000800a3ec       0x18 obj/hw_gpio.o
                0x000000000800a3ec                HW_GPIO_IrqHandler
 .text.HW_GPIO_Write
                0x000000000800a404        0xa obj/hw_gpio.o
                0x000000000800a404                HW_GPIO_Write
 *fill*         0x000000000800a40e        0x2 
 .text.HW_RTC_GetCalendarValue
                0x000000000800a410       0xa8 obj/hw_rtc.o
 .text.HW_RTC_GetMinimumTimeout
                0x000000000800a4b8        0x4 obj/hw_rtc.o
                0x000000000800a4b8                HW_RTC_GetMinimumTimeout
 .text.HW_RTC_ms2Tick
                0x000000000800a4bc       0x10 obj/hw_rtc.o
                0x000000000800a4bc                HW_RTC_ms2Tick
 .text.HW_RTC_Tick2ms
                0x000000000800a4cc       0x14 obj/hw_rtc.o
                0x000000000800a4cc                HW_RTC_Tick2ms
 .text.HW_RTC_GetTimerElapsedTime
                0x000000000800a4e0       0x18 obj/hw_rtc.o
                0x000000000800a4e0                HW_RTC_GetTimerElapsedTime
 .text.HW_RTC_GetTimerValue
                0x000000000800a4f8        0xe obj/hw_rtc.o
                0x000000000800a4f8                HW_RTC_GetTimerValue
 *fill*         0x000000000800a506        0x2 
 .text.HW_RTC_StopAlarm
                0x000000000800a508       0x30 obj/hw_rtc.o
                0x000000000800a508                HW_RTC_StopAlarm
 .text.HW_RTC_SetAlarm
                0x000000000800a538      0x150 obj/hw_rtc.o
                0x000000000800a538                HW_RTC_SetAlarm
 .text.HW_RTC_IrqHandler
                0x000000000800a688       0x40 obj/hw_rtc.o
                0x000000000800a688                HW_RTC_IrqHandler
 .text.HW_RTC_DelayMs
                0x000000000800a6c8       0x26 obj/hw_rtc.o
                0x000000000800a6c8                HW_RTC_DelayMs
 *fill*         0x000000000800a6ee        0x2 
 .text.HW_RTC_SetTimerContext
                0x000000000800a6f0       0x18 obj/hw_rtc.o
                0x000000000800a6f0                HW_RTC_SetTimerContext
 .text.HW_RTC_Init
                0x000000000800a708       0x80 obj/hw_rtc.o
                0x000000000800a708                HW_RTC_Init
 .text.HW_RTC_GetTimerContext
                0x000000000800a788        0xc obj/hw_rtc.o
                0x000000000800a788                HW_RTC_GetTimerContext
 .text.HW_RTC_GetCalendarTime
                0x000000000800a794       0x20 obj/hw_rtc.o
                0x000000000800a794                HW_RTC_GetCalendarTime
 .text.HW_RTC_BKUPWrite
                0x000000000800a7b4       0x20 obj/hw_rtc.o
                0x000000000800a7b4                HW_RTC_BKUPWrite
 .text.HW_RTC_BKUPRead
                0x000000000800a7d4       0x24 obj/hw_rtc.o
                0x000000000800a7d4                HW_RTC_BKUPRead
 .text.HW_SPI_IoInit
                0x000000000800a7f8       0x60 obj/hw_spi.o
                0x000000000800a7f8                HW_SPI_IoInit
 .text.HW_SPI_Init
                0x000000000800a858       0x80 obj/hw_spi.o
                0x000000000800a858                HW_SPI_Init
 .text.HW_SPI_InOut
                0x000000000800a8d8       0x28 obj/hw_spi.o
                0x000000000800a8d8                HW_SPI_InOut
 .text.vcom_Init
                0x000000000800a900       0x3c obj/vcom.o
                0x000000000800a900                vcom_Init
 .text.vcom_Trace
                0x000000000800a93c       0x14 obj/vcom.o
                0x000000000800a93c                vcom_Trace
 .text.HAL_UART_TxCpltCallback
                0x000000000800a950       0x14 obj/vcom.o
                0x000000000800a950                HAL_UART_TxCpltCallback
 .text.vcom_ReceiveInit
                0x000000000800a964       0x34 obj/vcom.o
                0x000000000800a964                vcom_ReceiveInit
 .text.HAL_UART_RxCpltCallback
                0x000000000800a998       0x2c obj/vcom.o
                0x000000000800a998                HAL_UART_RxCpltCallback
 .text.vcom_DMA_TX_IRQHandler
                0x000000000800a9c4       0x10 obj/vcom.o
                0x000000000800a9c4                vcom_DMA_TX_IRQHandler
 .text.vcom_IRQHandler
                0x000000000800a9d4       0x10 obj/vcom.o
                0x000000000800a9d4                vcom_IRQHandler
 .text.vcom_IoInit
                0x000000000800a9e4       0x60 obj/vcom.o
                0x000000000800a9e4                vcom_IoInit
 .text.HAL_UART_MspInit
                0x000000000800aa44       0xb4 obj/vcom.o
                0x000000000800aa44                HAL_UART_MspInit
 .text.McpsConfirm
                0x000000000800aaf8        0x2 obj/lora.o
 .text.LORA_BeaconReq
                0x000000000800aafa       0x18 obj/lora.o
 .text.LORA_PingSlotReq
                0x000000000800ab12       0x28 obj/lora.o
 *fill*         0x000000000800ab3a        0x2 
 .text.MlmeIndication
                0x000000000800ab3c       0x34 obj/lora.o
 .text.McpsIndication
                0x000000000800ab70       0x70 obj/lora.o
 .text.update_flag
                0x000000000800abe0       0x20 obj/lora.o
                0x000000000800abe0                update_flag
 .text.LORA_Join
                0x000000000800ac00       0x4c obj/lora.o
                0x000000000800ac00                LORA_Join
 .text.MlmeConfirm
                0x000000000800ac4c       0xa0 obj/lora.o
 .text.LORA_JoinStatus
                0x000000000800acec       0x1c obj/lora.o
                0x000000000800acec                LORA_JoinStatus
 .text.LORA_send
                0x000000000800ad08       0x68 obj/lora.o
                0x000000000800ad08                LORA_send
 .text.OnCertifTimer
                0x000000000800ad70       0x1c obj/lora.o
                0x000000000800ad70                OnCertifTimer
 .text.LORA_RequestClass
                0x000000000800ad8c       0x80 obj/lora.o
                0x000000000800ad8c                LORA_RequestClass
 .text.lora_set_sub_band
                0x000000000800ae0c       0x7c obj/lora.o
                0x000000000800ae0c                lora_set_sub_band
 .text.lora_config_otaa_set
                0x000000000800ae88      0x294 obj/lora.o
                0x000000000800ae88                lora_config_otaa_set
 .text.lora_config_otaa_get
                0x000000000800b11c        0xc obj/lora.o
                0x000000000800b11c                lora_config_otaa_get
 .text.lora_config_duty_cycle_set
                0x000000000800b128       0x18 obj/lora.o
                0x000000000800b128                lora_config_duty_cycle_set
 .text.lora_config_duty_cycle_get
                0x000000000800b140        0xc obj/lora.o
                0x000000000800b140                lora_config_duty_cycle_get
 .text.lora_config_deveui_get
                0x000000000800b14c        0xc obj/lora.o
                0x000000000800b14c                lora_config_deveui_get
 .text.lora_config_deveui_set
                0x000000000800b158       0x14 obj/lora.o
                0x000000000800b158                lora_config_deveui_set
 .text.lora_config_joineui_get
                0x000000000800b16c        0xc obj/lora.o
                0x000000000800b16c                lora_config_joineui_get
 .text.lora_config_joineui_set
                0x000000000800b178       0x14 obj/lora.o
                0x000000000800b178                lora_config_joineui_set
 .text.lora_config_appkey_get
                0x000000000800b18c        0xc obj/lora.o
                0x000000000800b18c                lora_config_appkey_get
 .text.lora_config_appkey_set
                0x000000000800b198       0x14 obj/lora.o
                0x000000000800b198                lora_config_appkey_set
 .text.get_params_from_memory
                0x000000000800b1ac      0x374 obj/lora.o
                0x000000000800b1ac                get_params_from_memory
 .text.LORA_Init
                0x000000000800b520      0x18c obj/lora.o
                0x000000000800b520                LORA_Init
 .text.lora_config_reqack_set
                0x000000000800b6ac        0xc obj/lora.o
                0x000000000800b6ac                lora_config_reqack_set
 .text.lora_config_reqack_get
                0x000000000800b6b8        0xc obj/lora.o
                0x000000000800b6b8                lora_config_reqack_get
 .text.lora_config_snr_get
                0x000000000800b6c4        0xc obj/lora.o
                0x000000000800b6c4                lora_config_snr_get
 .text.lora_config_rssi_get
                0x000000000800b6d0       0x10 obj/lora.o
                0x000000000800b6d0                lora_config_rssi_get
 .text.lora_config_tx_datarate_set
                0x000000000800b6e0        0xc obj/lora.o
                0x000000000800b6e0                lora_config_tx_datarate_set
 .text.lora_config_tx_datarate_get
                0x000000000800b6ec        0xc obj/lora.o
                0x000000000800b6ec                lora_config_tx_datarate_get
 .text.lora_config_isack_get
                0x000000000800b6f8       0x10 obj/lora.o
                0x000000000800b6f8                lora_config_isack_get
 .text.lora_wan_certif
                0x000000000800b708       0x30 obj/lora.o
                0x000000000800b708                lora_wan_certif
 .text.TST_TxTone
                0x000000000800b738       0xf4 obj/test_rf.o
                0x000000000800b738                TST_TxTone
 .text.TST_RxTone
                0x000000000800b82c       0xb4 obj/test_rf.o
                0x000000000800b82c                TST_RxTone
 .text.TST_SET_lora_config
                0x000000000800b8e0       0xd0 obj/test_rf.o
                0x000000000800b8e0                TST_SET_lora_config
 .text.TST_get_lora_config
                0x000000000800b9b0       0x7c obj/test_rf.o
                0x000000000800b9b0                TST_get_lora_config
 .text.TST_stop
                0x000000000800ba2c       0x4c obj/test_rf.o
                0x000000000800ba2c                TST_stop
 .text.TST_TX_LoraStart
                0x000000000800ba78       0x90 obj/test_rf.o
                0x000000000800ba78                TST_TX_LoraStart
 .text.TST_RX_LoraStart
                0x000000000800bb08       0x9c obj/test_rf.o
                0x000000000800bb08                TST_RX_LoraStart
 .text.tiny_vfscanf
                0x000000000800bba4      0x24c obj/tiny_sscanf.o
 .text.tiny_sscanf
                0x000000000800bdf0       0x16 obj/tiny_sscanf.o
                0x000000000800bdf0                tiny_sscanf
 *fill*         0x000000000800be06        0x2 
 .text.writeEEPROMByte
                0x000000000800be08       0x24 obj/eeprom.o
                0x000000000800be08                writeEEPROMByte
 .text.readEEPROMByte
                0x000000000800be2c       0x10 obj/eeprom.o
                0x000000000800be2c                readEEPROMByte
 .text.HAL_InitTick
                0x000000000800be3c        0x4 obj/../../../Core/src/mlm32l0xx_hal_msp.o
                0x000000000800be3c                HAL_InitTick
 .text.HAL_Delay
                0x000000000800be40        0xc obj/../../../Core/src/mlm32l0xx_hal_msp.o
                0x000000000800be40                HAL_Delay
 .text.HAL_GetTick
                0x000000000800be4c        0x8 obj/../../../Core/src/mlm32l0xx_hal_msp.o
                0x000000000800be4c                HAL_GetTick
 .text.HAL_MspInit
                0x000000000800be54       0x34 obj/../../../Core/src/mlm32l0xx_hal_msp.o
                0x000000000800be54                HAL_MspInit
 .text.HAL_RTC_MspInit
                0x000000000800be88       0x5c obj/../../../Core/src/mlm32l0xx_hal_msp.o
                0x000000000800be88                HAL_RTC_MspInit
 .text.HAL_RTC_AlarmAEventCallback
                0x000000000800bee4        0x8 obj/../../../Core/src/mlm32l0xx_hal_msp.o
                0x000000000800bee4                HAL_RTC_AlarmAEventCallback
 .text.HAL_GPIO_EXTI_Callback
                0x000000000800beec        0x8 obj/../../../Core/src/mlm32l0xx_hal_msp.o
                0x000000000800beec                HAL_GPIO_EXTI_Callback
 .text.MSP_GetIRQn
                0x000000000800bef4       0x20 obj/../../../Core/src/mlm32l0xx_hal_msp.o
                0x000000000800bef4                MSP_GetIRQn
 .text.SPI_WaitOnFlagUntilTimeout
                0x000000000800bf14       0x94 obj/stm32l0xx_hal_spi.o
 .text.HAL_SPI_MspInit
                0x000000000800bfa8        0x2 obj/stm32l0xx_hal_spi.o
                0x000000000800bfa8                HAL_SPI_MspInit
 *fill*         0x000000000800bfaa        0x2 
 .text.HAL_SPI_Init
                0x000000000800bfac       0x80 obj/stm32l0xx_hal_spi.o
                0x000000000800bfac                HAL_SPI_Init
 .text.HAL_SPI_TransmitReceive
                0x000000000800c02c      0x2f0 obj/stm32l0xx_hal_spi.o
                0x000000000800c02c                HAL_SPI_TransmitReceive
 .text.UART_EndRxTransfer
                0x000000000800c31c       0x20 obj/stm32l0xx_hal_uart.o
 .text.HAL_UART_Receive_IT
                0x000000000800c33c       0xa8 obj/stm32l0xx_hal_uart.o
                0x000000000800c33c                HAL_UART_Receive_IT
 .text.HAL_UART_Transmit_DMA
                0x000000000800c3e4       0x8c obj/stm32l0xx_hal_uart.o
                0x000000000800c3e4                HAL_UART_Transmit_DMA
 .text.UART_DMATransmitCplt
                0x000000000800c470       0x30 obj/stm32l0xx_hal_uart.o
 .text.HAL_UART_TxHalfCpltCallback
                0x000000000800c4a0        0x2 obj/stm32l0xx_hal_uart.o
                0x000000000800c4a0                HAL_UART_TxHalfCpltCallback
 .text.UART_DMATxHalfCplt
                0x000000000800c4a2        0xa obj/stm32l0xx_hal_uart.o
 .text.UART_Receive_IT
                0x000000000800c4ac       0x7c obj/stm32l0xx_hal_uart.o
 .text.HAL_UART_ErrorCallback
                0x000000000800c528        0x2 obj/stm32l0xx_hal_uart.o
                0x000000000800c528                HAL_UART_ErrorCallback
 .text.UART_DMAError
                0x000000000800c52a       0x5a obj/stm32l0xx_hal_uart.o
 .text.HAL_UART_IRQHandler
                0x000000000800c584      0x198 obj/stm32l0xx_hal_uart.o
                0x000000000800c584                HAL_UART_IRQHandler
 .text.UART_DMAAbortOnError
                0x000000000800c71c       0x16 obj/stm32l0xx_hal_uart.o
 *fill*         0x000000000800c732        0x2 
 .text.UART_SetConfig
                0x000000000800c734      0x260 obj/stm32l0xx_hal_uart.o
                0x000000000800c734                UART_SetConfig
 .text.UART_AdvFeatureConfig
                0x000000000800c994       0xd0 obj/stm32l0xx_hal_uart.o
                0x000000000800c994                UART_AdvFeatureConfig
 .text.UART_WaitOnFlagUntilTimeout
                0x000000000800ca64       0x64 obj/stm32l0xx_hal_uart.o
                0x000000000800ca64                UART_WaitOnFlagUntilTimeout
 .text.UART_CheckIdleState
                0x000000000800cac8       0x64 obj/stm32l0xx_hal_uart.o
                0x000000000800cac8                UART_CheckIdleState
 .text.HAL_UART_Init
                0x000000000800cb2c       0x6c obj/stm32l0xx_hal_uart.o
                0x000000000800cb2c                HAL_UART_Init
 .text.HAL_UARTEx_StopModeWakeUpSourceConfig
                0x000000000800cb98       0x90 obj/stm32l0xx_hal_uart_ex.o
                0x000000000800cb98                HAL_UARTEx_StopModeWakeUpSourceConfig
 .text.HAL_UARTEx_EnableStopMode
                0x000000000800cc28       0x2a obj/stm32l0xx_hal_uart_ex.o
                0x000000000800cc28                HAL_UARTEx_EnableStopMode
 .text.HAL_UARTEx_WakeupCallback
                0x000000000800cc52        0x2 obj/stm32l0xx_hal_uart_ex.o
                0x000000000800cc52                HAL_UARTEx_WakeupCallback
 .text.ADC_DelayMicroSecond
                0x000000000800cc54       0x2c obj/stm32l0xx_hal_adc.o
 .text.ADC_Enable
                0x000000000800cc80       0x70 obj/stm32l0xx_hal_adc.o
 .text.HAL_ADC_MspInit
                0x000000000800ccf0        0x2 obj/stm32l0xx_hal_adc.o
                0x000000000800ccf0                HAL_ADC_MspInit
 *fill*         0x000000000800ccf2        0x2 
 .text.HAL_ADC_Init
                0x000000000800ccf4      0x1a8 obj/stm32l0xx_hal_adc.o
                0x000000000800ccf4                HAL_ADC_Init
 .text.HAL_ADC_Start
                0x000000000800ce9c       0x58 obj/stm32l0xx_hal_adc.o
                0x000000000800ce9c                HAL_ADC_Start
 .text.HAL_ADC_PollForConversion
                0x000000000800cef4       0xbc obj/stm32l0xx_hal_adc.o
                0x000000000800cef4                HAL_ADC_PollForConversion
 .text.HAL_ADC_GetValue
                0x000000000800cfb0        0x6 obj/stm32l0xx_hal_adc.o
                0x000000000800cfb0                HAL_ADC_GetValue
 *fill*         0x000000000800cfb6        0x2 
 .text.HAL_ADC_ConfigChannel
                0x000000000800cfb8       0xa8 obj/stm32l0xx_hal_adc.o
                0x000000000800cfb8                HAL_ADC_ConfigChannel
 .text.HAL_ADCEx_Calibration_Start
                0x000000000800d060       0xa0 obj/stm32l0xx_hal_adc_ex.o
                0x000000000800d060                HAL_ADCEx_Calibration_Start
 .text.RCC_SetFlashLatencyFromMSIRange
                0x000000000800d100       0x74 obj/stm32l0xx_hal_rcc.o
 .text.HAL_RCC_OscConfig
                0x000000000800d174      0x4e8 obj/stm32l0xx_hal_rcc.o
                0x000000000800d174                HAL_RCC_OscConfig
 .text.HAL_RCC_GetSysClockFreq
                0x000000000800d65c       0x78 obj/stm32l0xx_hal_rcc.o
                0x000000000800d65c                HAL_RCC_GetSysClockFreq
 .text.HAL_RCC_ClockConfig
                0x000000000800d6d4      0x170 obj/stm32l0xx_hal_rcc.o
                0x000000000800d6d4                HAL_RCC_ClockConfig
 .text.HAL_RCC_GetPCLK1Freq
                0x000000000800d844       0x20 obj/stm32l0xx_hal_rcc.o
                0x000000000800d844                HAL_RCC_GetPCLK1Freq
 .text.HAL_RCC_GetPCLK2Freq
                0x000000000800d864       0x20 obj/stm32l0xx_hal_rcc.o
                0x000000000800d864                HAL_RCC_GetPCLK2Freq
 .text.HAL_RCCEx_PeriphCLKConfig
                0x000000000800d884      0x1b8 obj/stm32l0xx_hal_rcc_ex.o
                0x000000000800d884                HAL_RCCEx_PeriphCLKConfig
 .text.HAL_RCCEx_GetPeriphCLKFreq
                0x000000000800da3c      0x1ec obj/stm32l0xx_hal_rcc_ex.o
                0x000000000800da3c                HAL_RCCEx_GetPeriphCLKFreq
 .text.HAL_Init
                0x000000000800dc28       0x20 obj/stm32l0xx_hal.o
                0x000000000800dc28                HAL_Init
 .text.HAL_NVIC_SetPriority
                0x000000000800dc48       0x60 obj/stm32l0xx_hal_cortex.o
                0x000000000800dc48                HAL_NVIC_SetPriority
 .text.HAL_NVIC_EnableIRQ
                0x000000000800dca8       0x14 obj/stm32l0xx_hal_cortex.o
                0x000000000800dca8                HAL_NVIC_EnableIRQ
 .text.HAL_GPIO_Init
                0x000000000800dcbc      0x178 obj/stm32l0xx_hal_gpio.o
                0x000000000800dcbc                HAL_GPIO_Init
 .text.HAL_GPIO_WritePin
                0x000000000800de34        0xc obj/stm32l0xx_hal_gpio.o
                0x000000000800de34                HAL_GPIO_WritePin
 .text.HAL_GPIO_EXTI_IRQHandler
                0x000000000800de40       0x18 obj/stm32l0xx_hal_gpio.o
                0x000000000800de40                HAL_GPIO_EXTI_IRQHandler
 .text.HAL_DMA_Init
                0x000000000800de58      0x12c obj/stm32l0xx_hal_dma.o
                0x000000000800de58                HAL_DMA_Init
 .text.HAL_DMA_Start_IT
                0x000000000800df84       0x56 obj/stm32l0xx_hal_dma.o
                0x000000000800df84                HAL_DMA_Start_IT
 *fill*         0x000000000800dfda        0x2 
 .text.HAL_DMA_Abort_IT
                0x000000000800dfdc       0xa0 obj/stm32l0xx_hal_dma.o
                0x000000000800dfdc                HAL_DMA_Abort_IT
 .text.HAL_DMA_IRQHandler
                0x000000000800e07c      0x190 obj/stm32l0xx_hal_dma.o
                0x000000000800e07c                HAL_DMA_IRQHandler
 .text.HAL_PWR_DisablePVD
                0x000000000800e20c       0x10 obj/stm32l0xx_hal_pwr.o
                0x000000000800e20c                HAL_PWR_DisablePVD
 .text.HAL_PWREx_EnableFastWakeUp
                0x000000000800e21c       0x14 obj/stm32l0xx_hal_pwr_ex.o
                0x000000000800e21c                HAL_PWREx_EnableFastWakeUp
 .text.HAL_PWREx_EnableUltraLowPower
                0x000000000800e230       0x14 obj/stm32l0xx_hal_pwr_ex.o
                0x000000000800e230                HAL_PWREx_EnableUltraLowPower
 .text.HAL_RTC_DeactivateAlarm
                0x000000000800e244       0xc0 obj/stm32l0xx_hal_rtc.o
                0x000000000800e244                HAL_RTC_DeactivateAlarm
 .text.HAL_RTC_WaitForSynchro
                0x000000000800e304       0x34 obj/stm32l0xx_hal_rtc.o
                0x000000000800e304                HAL_RTC_WaitForSynchro
 .text.RTC_EnterInitMode
                0x000000000800e338       0x38 obj/stm32l0xx_hal_rtc.o
                0x000000000800e338                RTC_EnterInitMode
 .text.HAL_RTC_Init
                0x000000000800e370       0x94 obj/stm32l0xx_hal_rtc.o
                0x000000000800e370                HAL_RTC_Init
 .text.RTC_ByteToBcd2
                0x000000000800e404       0x16 obj/stm32l0xx_hal_rtc.o
                0x000000000800e404                RTC_ByteToBcd2
 *fill*         0x000000000800e41a        0x2 
 .text.HAL_RTC_SetTime
                0x000000000800e41c       0xfc obj/stm32l0xx_hal_rtc.o
                0x000000000800e41c                HAL_RTC_SetTime
 .text.HAL_RTC_SetDate
                0x000000000800e518       0xd8 obj/stm32l0xx_hal_rtc.o
                0x000000000800e518                HAL_RTC_SetDate
 .text.HAL_RTC_SetAlarm_IT
                0x000000000800e5f0      0x194 obj/stm32l0xx_hal_rtc.o
                0x000000000800e5f0                HAL_RTC_SetAlarm_IT
 .text.RTC_Bcd2ToByte
                0x000000000800e784       0x10 obj/stm32l0xx_hal_rtc.o
                0x000000000800e784                RTC_Bcd2ToByte
 .text.HAL_RTC_GetTime
                0x000000000800e794       0x54 obj/stm32l0xx_hal_rtc.o
                0x000000000800e794                HAL_RTC_GetTime
 .text.HAL_RTC_GetDate
                0x000000000800e7e8       0x44 obj/stm32l0xx_hal_rtc.o
                0x000000000800e7e8                HAL_RTC_GetDate
 .text.HAL_RTCEx_BKUPWrite
                0x000000000800e82c        0xc obj/stm32l0xx_hal_rtc_ex.o
                0x000000000800e82c                HAL_RTCEx_BKUPWrite
 .text.HAL_RTCEx_BKUPRead
                0x000000000800e838        0xc obj/stm32l0xx_hal_rtc_ex.o
                0x000000000800e838                HAL_RTCEx_BKUPRead
 .text.HAL_RTCEx_EnableBypassShadow
                0x000000000800e844       0x32 obj/stm32l0xx_hal_rtc_ex.o
                0x000000000800e844                HAL_RTCEx_EnableBypassShadow
 *fill*         0x000000000800e876        0x2 
 .text.FLASH_SetErrorCode
                0x000000000800e878       0xa8 obj/stm32l0xx_hal_flash.o
 .text.FLASH_WaitForLastOperation
                0x000000000800e920       0x74 obj/stm32l0xx_hal_flash.o
                0x000000000800e920                FLASH_WaitForLastOperation
 .text.HAL_FLASHEx_DATAEEPROM_Unlock
                0x000000000800e994       0x24 obj/stm32l0xx_hal_flash_ex.o
                0x000000000800e994                HAL_FLASHEx_DATAEEPROM_Unlock
 .text.HAL_FLASHEx_DATAEEPROM_Lock
                0x000000000800e9b8       0x14 obj/stm32l0xx_hal_flash_ex.o
                0x000000000800e9b8                HAL_FLASHEx_DATAEEPROM_Lock
 .text.HAL_FLASHEx_DATAEEPROM_Program
                0x000000000800e9cc       0x54 obj/stm32l0xx_hal_flash_ex.o
                0x000000000800e9cc                HAL_FLASHEx_DATAEEPROM_Program
 .text.certif_tx
                0x000000000800ea20       0xb0 obj/lora-test.o
 .text.OnCertifTxNextPacketTimerEvent
                0x000000000800ead0        0x8 obj/lora-test.o
 .text.certif_running
                0x000000000800ead8        0xc obj/lora-test.o
                0x000000000800ead8                certif_running
 .text.certif_DownLinkIncrement
                0x000000000800eae4       0x10 obj/lora-test.o
                0x000000000800eae4                certif_DownLinkIncrement
 .text.certif_linkCheck
                0x000000000800eaf4       0x20 obj/lora-test.o
                0x000000000800eaf4                certif_linkCheck
 .text.certif_rx
                0x000000000800eb14      0x1ac obj/lora-test.o
                0x000000000800eb14                certif_rx
 .text.OnRadioRxError
                0x000000000800ecc0       0x10 obj/LoRaMac.o
 .text.CallNvmCtxCallback
                0x000000000800ecd0       0x1c obj/LoRaMac.o
 .text.EventCryptoNvmCtxChanged
                0x000000000800ecec        0xa obj/LoRaMac.o
 .text.EventSecureElementNvmCtxChanged
                0x000000000800ecf6        0xa obj/LoRaMac.o
 .text.EventCommandsNvmCtxChanged
                0x000000000800ed00        0xa obj/LoRaMac.o
 .text.EventClassBNvmCtxChanged
                0x000000000800ed0a        0xa obj/LoRaMac.o
 .text.EventConfirmQueueNvmCtxChanged
                0x000000000800ed14        0xa obj/LoRaMac.o
 .text.EventFCntHandlerNvmCtxChanged
                0x000000000800ed1e        0xa obj/LoRaMac.o
 .text.GetMaxAppPayloadWithoutFOptsLength
                0x000000000800ed28       0x34 obj/LoRaMac.o
 .text.OnAckTimeoutTimerEvent
                0x000000000800ed5c       0x44 obj/LoRaMac.o
 .text.PrepareRxDoneAbort
                0x000000000800eda0       0x3c obj/LoRaMac.o
 .text.ResetMacParameters
                0x000000000800eddc       0xa8 obj/LoRaMac.o
 .text.OnRadioRxTimeout
                0x000000000800ee84       0x34 obj/LoRaMac.o
 .text.OnRadioTxTimeout
                0x000000000800eeb8       0x34 obj/LoRaMac.o
 .text.OnRadioRxDone
                0x000000000800eeec       0x50 obj/LoRaMac.o
 .text.OnRadioTxDone
                0x000000000800ef3c       0x58 obj/LoRaMac.o
 .text.OnRxWindow1TimerEvent
                0x000000000800ef94       0xa0 obj/LoRaMac.o
 .text.StopRetransmission
                0x000000000800f034       0x70 obj/LoRaMac.o
 .text.OnRxWindow2TimerEvent
                0x000000000800f0a4       0xa8 obj/LoRaMac.o
 .text.OpenContinuousRx2Window
                0x000000000800f14c       0x18 obj/LoRaMac.o
 .text.HandleRadioRxErrorTimeout
                0x000000000800f164      0x110 obj/LoRaMac.o
 .text.unlikely.ProcessMacCommands.isra.1.constprop.7
                0x000000000800f274      0x4ec obj/LoRaMac.o
 .text.PrepareFrame
                0x000000000800f760      0x19c obj/LoRaMac.o
                0x000000000800f760                PrepareFrame
 .text.SendFrameOnChannel
                0x000000000800f8fc      0x10c obj/LoRaMac.o
                0x000000000800f8fc                SendFrameOnChannel
 .text.ScheduleTx
                0x000000000800fa08      0x23c obj/LoRaMac.o
 .text.OnTxDelayedTimerEvent
                0x000000000800fc44       0x64 obj/LoRaMac.o
 .text.Send     0x000000000800fca8      0x144 obj/LoRaMac.o
                0x000000000800fca8                Send
 .text.SendReJoinReq
                0x000000000800fdec       0x4c obj/LoRaMac.o
                0x000000000800fdec                SendReJoinReq
 .text.SetTxContinuousWave
                0x000000000800fe38       0x58 obj/LoRaMac.o
                0x000000000800fe38                SetTxContinuousWave
 .text.SetTxContinuousWave1
                0x000000000800fe90       0x2c obj/LoRaMac.o
                0x000000000800fe90                SetTxContinuousWave1
 .text.GetCtxs  0x000000000800febc       0x7c obj/LoRaMac.o
                0x000000000800febc                GetCtxs
 .text.RestoreCtxs
                0x000000000800ff38       0x98 obj/LoRaMac.o
                0x000000000800ff38                RestoreCtxs
 .text.DetermineFrameType
                0x000000000800ffd0       0x4c obj/LoRaMac.o
                0x000000000800ffd0                DetermineFrameType
 .text.LoRaMacProcess
                0x000000000801001c      0x9f0 obj/LoRaMac.o
                0x000000000801001c                LoRaMacProcess
 .text.LoRaMacInitialization
                0x0000000008010a0c      0x3ec obj/LoRaMac.o
                0x0000000008010a0c                LoRaMacInitialization
 .text.LoRaMacStart
                0x0000000008010df8       0x10 obj/LoRaMac.o
                0x0000000008010df8                LoRaMacStart
 .text.LoRaMacQueryTxPossible
                0x0000000008010e08       0xc4 obj/LoRaMac.o
                0x0000000008010e08                LoRaMacQueryTxPossible
 .text.LoRaMacMibGetRequestConfirm
                0x0000000008010ecc      0x1ac obj/LoRaMac.o
                0x0000000008010ecc                LoRaMacMibGetRequestConfirm
 .text.LoRaMacMibSetRequestConfirm
                0x0000000008011078      0x484 obj/LoRaMac.o
                0x0000000008011078                LoRaMacMibSetRequestConfirm
 .text.LoRaMacMlmeRequest
                0x00000000080114fc      0x268 obj/LoRaMac.o
                0x00000000080114fc                LoRaMacMlmeRequest
 .text.LoRaMacMcpsRequest
                0x0000000008011764      0x168 obj/LoRaMac.o
                0x0000000008011764                LoRaMacMcpsRequest
 .text.LoRaMacTestSetDutyCycleOn
                0x00000000080118cc       0x28 obj/LoRaMac.o
                0x00000000080118cc                LoRaMacTestSetDutyCycleOn
 .text.LoRaMacAdrCalcNext
                0x00000000080118f4       0xbe obj/LoRaMacAdr.o
                0x00000000080118f4                LoRaMacAdrCalcNext
 .text.LoRaMacClassBInit
                0x00000000080119b2        0x2 obj/LoRaMacClassB.o
                0x00000000080119b2                LoRaMacClassBInit
 .text.LoRaMacClassBRestoreNvmCtx
                0x00000000080119b4        0x4 obj/LoRaMacClassB.o
                0x00000000080119b4                LoRaMacClassBRestoreNvmCtx
 .text.LoRaMacClassBGetNvmCtx
                0x00000000080119b8        0x8 obj/LoRaMacClassB.o
                0x00000000080119b8                LoRaMacClassBGetNvmCtx
 .text.LoRaMacClassBSetBeaconState
                0x00000000080119c0        0x2 obj/LoRaMacClassB.o
                0x00000000080119c0                LoRaMacClassBSetBeaconState
 .text.LoRaMacClassBSetPingSlotState
                0x00000000080119c2        0x2 obj/LoRaMacClassB.o
                0x00000000080119c2                LoRaMacClassBSetPingSlotState
 .text.LoRaMacClassBSetMulticastSlotState
                0x00000000080119c4        0x2 obj/LoRaMacClassB.o
                0x00000000080119c4                LoRaMacClassBSetMulticastSlotState
 .text.LoRaMacClassBIsAcquisitionInProgress
                0x00000000080119c6        0x4 obj/LoRaMacClassB.o
                0x00000000080119c6                LoRaMacClassBIsAcquisitionInProgress
 .text.LoRaMacClassBBeaconTimerEvent
                0x00000000080119ca        0x2 obj/LoRaMacClassB.o
                0x00000000080119ca                LoRaMacClassBBeaconTimerEvent
 .text.LoRaMacClassBPingSlotTimerEvent
                0x00000000080119cc        0x2 obj/LoRaMacClassB.o
                0x00000000080119cc                LoRaMacClassBPingSlotTimerEvent
 .text.LoRaMacClassBMulticastSlotTimerEvent
                0x00000000080119ce        0x2 obj/LoRaMacClassB.o
                0x00000000080119ce                LoRaMacClassBMulticastSlotTimerEvent
 .text.LoRaMacClassBRxBeacon
                0x00000000080119d0        0x4 obj/LoRaMacClassB.o
                0x00000000080119d0                LoRaMacClassBRxBeacon
 .text.LoRaMacClassBIsBeaconExpected
                0x00000000080119d4        0x4 obj/LoRaMacClassB.o
                0x00000000080119d4                LoRaMacClassBIsBeaconExpected
 .text.LoRaMacClassBIsPingExpected
                0x00000000080119d8        0x4 obj/LoRaMacClassB.o
                0x00000000080119d8                LoRaMacClassBIsPingExpected
 .text.LoRaMacClassBIsMulticastExpected
                0x00000000080119dc        0x4 obj/LoRaMacClassB.o
                0x00000000080119dc                LoRaMacClassBIsMulticastExpected
 .text.LoRaMacClassBIsBeaconModeActive
                0x00000000080119e0        0x4 obj/LoRaMacClassB.o
                0x00000000080119e0                LoRaMacClassBIsBeaconModeActive
 .text.LoRaMacClassBSetPingSlotInfo
                0x00000000080119e4        0x2 obj/LoRaMacClassB.o
                0x00000000080119e4                LoRaMacClassBSetPingSlotInfo
 .text.LoRaMacClassBHaltBeaconing
                0x00000000080119e6        0x2 obj/LoRaMacClassB.o
                0x00000000080119e6                LoRaMacClassBHaltBeaconing
 .text.LoRaMacClassBResumeBeaconing
                0x00000000080119e8        0x2 obj/LoRaMacClassB.o
                0x00000000080119e8                LoRaMacClassBResumeBeaconing
 .text.LoRaMacClassBSwitchClass
                0x00000000080119ea        0x4 obj/LoRaMacClassB.o
                0x00000000080119ea                LoRaMacClassBSwitchClass
 .text.LoRaMacClassBMibGetRequestConfirm
                0x00000000080119ee        0x4 obj/LoRaMacClassB.o
                0x00000000080119ee                LoRaMacClassBMibGetRequestConfirm
 .text.LoRaMacMibClassBSetRequestConfirm
                0x00000000080119f2        0x4 obj/LoRaMacClassB.o
                0x00000000080119f2                LoRaMacMibClassBSetRequestConfirm
 .text.LoRaMacClassBPingSlotInfoAns
                0x00000000080119f6        0x2 obj/LoRaMacClassB.o
                0x00000000080119f6                LoRaMacClassBPingSlotInfoAns
 .text.LoRaMacClassBPingSlotChannelReq
                0x00000000080119f8        0x4 obj/LoRaMacClassB.o
                0x00000000080119f8                LoRaMacClassBPingSlotChannelReq
 .text.LoRaMacClassBBeaconTimingAns
                0x00000000080119fc        0x2 obj/LoRaMacClassB.o
                0x00000000080119fc                LoRaMacClassBBeaconTimingAns
 .text.LoRaMacClassBDeviceTimeAns
                0x00000000080119fe        0x2 obj/LoRaMacClassB.o
                0x00000000080119fe                LoRaMacClassBDeviceTimeAns
 .text.LoRaMacClassBBeaconFreqReq
                0x0000000008011a00        0x4 obj/LoRaMacClassB.o
                0x0000000008011a00                LoRaMacClassBBeaconFreqReq
 .text.LoRaMacClassBIsUplinkCollision
                0x0000000008011a04        0x4 obj/LoRaMacClassB.o
                0x0000000008011a04                LoRaMacClassBIsUplinkCollision
 .text.LoRaMacClassBStopRxSlots
                0x0000000008011a08        0x2 obj/LoRaMacClassB.o
                0x0000000008011a08                LoRaMacClassBStopRxSlots
 .text.LoRaMacClassBProcess
                0x0000000008011a0a        0x2 obj/LoRaMacClassB.o
                0x0000000008011a0a                LoRaMacClassBProcess
 .text.DummyCB  0x0000000008011a0c        0x2 obj/LoRaMacCrypto.o
 *fill*         0x0000000008011a0e        0x2 
 .text.DeriveLifeTimeSessionKey
                0x0000000008011a10       0x5c obj/LoRaMacCrypto.o
 .text.PayloadEncrypt
                0x0000000008011a6c       0xca obj/LoRaMacCrypto.o
 .text.FOptsEncrypt
                0x0000000008011b36       0xae obj/LoRaMacCrypto.o
 .text.DeriveSessionKey11x
                0x0000000008011be4       0x98 obj/LoRaMacCrypto.o
 .text.DeriveSessionKey10x
                0x0000000008011c7c       0x80 obj/LoRaMacCrypto.o
 .text.ComputeCmacB1.constprop.5
                0x0000000008011cfc       0xbc obj/LoRaMacCrypto.o
 .text.VerifyCmacB0.constprop.6
                0x0000000008011db8       0xac obj/LoRaMacCrypto.o
 .text.ComputeCmacB0.part.4.constprop.8
                0x0000000008011e64       0x94 obj/LoRaMacCrypto.o
 .text.ResetFCnts
                0x0000000008011ef8       0x24 obj/LoRaMacCrypto.o
                0x0000000008011ef8                ResetFCnts
 .text.LoRaMacCryptoInit
                0x0000000008011f1c       0x58 obj/LoRaMacCrypto.o
                0x0000000008011f1c                LoRaMacCryptoInit
 .text.LoRaMacCryptoSetLrWanVersion
                0x0000000008011f74        0xc obj/LoRaMacCrypto.o
                0x0000000008011f74                LoRaMacCryptoSetLrWanVersion
 .text.LoRaMacCryptoRestoreNvmCtx
                0x0000000008011f80       0x1c obj/LoRaMacCrypto.o
                0x0000000008011f80                LoRaMacCryptoRestoreNvmCtx
 .text.LoRaMacCryptoGetNvmCtx
                0x0000000008011f9c        0xc obj/LoRaMacCrypto.o
                0x0000000008011f9c                LoRaMacCryptoGetNvmCtx
 .text.LoRaMacCryptoSetKey
                0x0000000008011fa8       0x14 obj/LoRaMacCrypto.o
                0x0000000008011fa8                LoRaMacCryptoSetKey
 .text.LoRaMacCryptoPrepareJoinRequest
                0x0000000008011fbc       0x70 obj/LoRaMacCrypto.o
                0x0000000008011fbc                LoRaMacCryptoPrepareJoinRequest
 .text.LoRaMacCryptoHandleJoinAccept
                0x000000000801202c      0x1c4 obj/LoRaMacCrypto.o
                0x000000000801202c                LoRaMacCryptoHandleJoinAccept
 .text.LoRaMacCryptoSecureMessage
                0x00000000080121f0      0x13c obj/LoRaMacCrypto.o
                0x00000000080121f0                LoRaMacCryptoSecureMessage
 .text.LoRaMacCryptoUnsecureMessage
                0x000000000801232c      0x14c obj/LoRaMacCrypto.o
                0x000000000801232c                LoRaMacCryptoUnsecureMessage
 .text.LoRaMacSerializerJoinRequest
                0x0000000008012478       0x6a obj/LoRaMacSerializer.o
                0x0000000008012478                LoRaMacSerializerJoinRequest
 .text.LoRaMacSerializerData
                0x00000000080124e2       0xe0 obj/LoRaMacSerializer.o
                0x00000000080124e2                LoRaMacSerializerData
 *fill*         0x00000000080125c2        0x2 
 .text.NvmCtxCallback
                0x00000000080125c4       0x14 obj/LoRaMacCommands.o
 .text.isSlotFree
                0x00000000080125d8       0x18 obj/LoRaMacCommands.o
                0x00000000080125d8                isSlotFree
 .text.mallocNewMacCommandSlot
                0x00000000080125f0       0x28 obj/LoRaMacCommands.o
                0x00000000080125f0                mallocNewMacCommandSlot
 .text.freeMacCommandSlot
                0x0000000008012618       0x14 obj/LoRaMacCommands.o
                0x0000000008012618                freeMacCommandSlot
 .text.LoRaMacCommandsInit
                0x000000000801262c       0x24 obj/LoRaMacCommands.o
                0x000000000801262c                LoRaMacCommandsInit
 .text.LoRaMacCommandsRestoreNvmCtx
                0x0000000008012650       0x1c obj/LoRaMacCommands.o
                0x0000000008012650                LoRaMacCommandsRestoreNvmCtx
 .text.LoRaMacCommandsGetNvmCtx
                0x000000000801266c        0xc obj/LoRaMacCommands.o
                0x000000000801266c                LoRaMacCommandsGetNvmCtx
 .text.LoRaMacCommandsAddCmd
                0x0000000008012678       0x70 obj/LoRaMacCommands.o
                0x0000000008012678                LoRaMacCommandsAddCmd
 .text.LoRaMacCommandsRemoveCmd
                0x00000000080126e8       0x5c obj/LoRaMacCommands.o
                0x00000000080126e8                LoRaMacCommandsRemoveCmd
 .text.LoRaMacCommandsGetCmd
                0x0000000008012744       0x1c obj/LoRaMacCommands.o
                0x0000000008012744                LoRaMacCommandsGetCmd
 .text.LoRaMacCommandsRemoveNoneStickyCmds
                0x0000000008012760       0x28 obj/LoRaMacCommands.o
                0x0000000008012760                LoRaMacCommandsRemoveNoneStickyCmds
 .text.LoRaMacCommandsRemoveStickyAnsCmds
                0x0000000008012788       0x2c obj/LoRaMacCommands.o
                0x0000000008012788                LoRaMacCommandsRemoveStickyAnsCmds
 .text.LoRaMacCommandsGetSizeSerializedCmds
                0x00000000080127b4       0x18 obj/LoRaMacCommands.o
                0x00000000080127b4                LoRaMacCommandsGetSizeSerializedCmds
 .text.LoRaMacCommandsSerializeCmds
                0x00000000080127cc       0x48 obj/LoRaMacCommands.o
                0x00000000080127cc                LoRaMacCommandsSerializeCmds
 .text.LoRaMacCommandsStickyCmdsPending
                0x0000000008012814       0x2c obj/LoRaMacCommands.o
                0x0000000008012814                LoRaMacCommandsStickyCmdsPending
 .text.LoRaMacConfirmQueueInit
                0x0000000008012840       0x30 obj/LoRaMacConfirmQueue.o
                0x0000000008012840                LoRaMacConfirmQueueInit
 .text.LoRaMacConfirmQueueRestoreNvmCtx
                0x0000000008012870       0x18 obj/LoRaMacConfirmQueue.o
                0x0000000008012870                LoRaMacConfirmQueueRestoreNvmCtx
 .text.LoRaMacConfirmQueueGetNvmCtx
                0x0000000008012888        0xc obj/LoRaMacConfirmQueue.o
                0x0000000008012888                LoRaMacConfirmQueueGetNvmCtx
 .text.LoRaMacConfirmQueueAdd
                0x0000000008012894       0x3c obj/LoRaMacConfirmQueue.o
                0x0000000008012894                LoRaMacConfirmQueueAdd
 .text.LoRaMacConfirmQueueRemoveLast
                0x00000000080128d0       0x28 obj/LoRaMacConfirmQueue.o
                0x00000000080128d0                LoRaMacConfirmQueueRemoveLast
 .text.LoRaMacConfirmQueueRemoveFirst
                0x00000000080128f8       0x2c obj/LoRaMacConfirmQueue.o
                0x00000000080128f8                LoRaMacConfirmQueueRemoveFirst
 .text.LoRaMacConfirmQueueSetStatus
                0x0000000008012924       0x3c obj/LoRaMacConfirmQueue.o
                0x0000000008012924                LoRaMacConfirmQueueSetStatus
 .text.LoRaMacConfirmQueueGetStatus
                0x0000000008012960       0x40 obj/LoRaMacConfirmQueue.o
                0x0000000008012960                LoRaMacConfirmQueueGetStatus
 .text.LoRaMacConfirmQueueSetStatusCmn
                0x00000000080129a0       0x38 obj/LoRaMacConfirmQueue.o
                0x00000000080129a0                LoRaMacConfirmQueueSetStatusCmn
 .text.LoRaMacConfirmQueueGetStatusCmn
                0x00000000080129d8        0xc obj/LoRaMacConfirmQueue.o
                0x00000000080129d8                LoRaMacConfirmQueueGetStatusCmn
 .text.LoRaMacConfirmQueueIsCmdActive
                0x00000000080129e4       0x34 obj/LoRaMacConfirmQueue.o
                0x00000000080129e4                LoRaMacConfirmQueueIsCmdActive
 .text.LoRaMacConfirmQueueHandleCb
                0x0000000008012a18       0x58 obj/LoRaMacConfirmQueue.o
                0x0000000008012a18                LoRaMacConfirmQueueHandleCb
 .text.LoRaMacConfirmQueueGetCnt
                0x0000000008012a70        0xc obj/LoRaMacConfirmQueue.o
                0x0000000008012a70                LoRaMacConfirmQueueGetCnt
 .text.LoRaMacConfirmQueueIsFull
                0x0000000008012a7c       0x14 obj/LoRaMacConfirmQueue.o
                0x0000000008012a7c                LoRaMacConfirmQueueIsFull
 .text.NvmCtxChanged
                0x0000000008012a90       0x14 obj/LoRaMacFCntHandler.o
 .text.LoRaMacFCntHandlerRestoreNvmCtx
                0x0000000008012aa4       0x1c obj/LoRaMacFCntHandler.o
                0x0000000008012aa4                LoRaMacFCntHandlerRestoreNvmCtx
 .text.LoRaMacFCntHandlerGetNvmCtx
                0x0000000008012ac0        0xc obj/LoRaMacFCntHandler.o
                0x0000000008012ac0                LoRaMacFCntHandlerGetNvmCtx
 .text.LoRaMacGetFCntDown
                0x0000000008012acc       0xb0 obj/LoRaMacFCntHandler.o
                0x0000000008012acc                LoRaMacGetFCntDown
 .text.LoRaMacSetFCntDown
                0x0000000008012b7c       0x50 obj/LoRaMacFCntHandler.o
                0x0000000008012b7c                LoRaMacSetFCntDown
 .text.LoRaMacGetFCntUp
                0x0000000008012bcc       0x18 obj/LoRaMacFCntHandler.o
                0x0000000008012bcc                LoRaMacGetFCntUp
 .text.LoRaMacSetFCntUp
                0x0000000008012be4       0x14 obj/LoRaMacFCntHandler.o
                0x0000000008012be4                LoRaMacSetFCntUp
 .text.LoRaMacResetFCnts
                0x0000000008012bf8       0x28 obj/LoRaMacFCntHandler.o
                0x0000000008012bf8                LoRaMacResetFCnts
 .text.LoRaMacFCntHandlerInit
                0x0000000008012c20       0x14 obj/LoRaMacFCntHandler.o
                0x0000000008012c20                LoRaMacFCntHandlerInit
 .text.LoRaMacFCntHandlerSetMulticastReference
                0x0000000008012c34       0x28 obj/LoRaMacFCntHandler.o
                0x0000000008012c34                LoRaMacFCntHandlerSetMulticastReference
 .text.LoRaMacParserJoinAccept
                0x0000000008012c5c       0x98 obj/LoRaMacParser.o
                0x0000000008012c5c                LoRaMacParserJoinAccept
 .text.LoRaMacParserData
                0x0000000008012cf4       0xb6 obj/LoRaMacParser.o
                0x0000000008012cf4                LoRaMacParserData
 .text.RegionIsActive
                0x0000000008012daa        0x8 obj/Region.o
                0x0000000008012daa                RegionIsActive
 .text.RegionGetPhyParam
                0x0000000008012db2       0x18 obj/Region.o
                0x0000000008012db2                RegionGetPhyParam
 .text.RegionSetBandTxDone
                0x0000000008012dca        0xe obj/Region.o
                0x0000000008012dca                RegionSetBandTxDone
 .text.RegionInitDefaults
                0x0000000008012dd8        0xe obj/Region.o
                0x0000000008012dd8                RegionInitDefaults
 .text.RegionGetNvmCtx
                0x0000000008012de6       0x12 obj/Region.o
                0x0000000008012de6                RegionGetNvmCtx
 .text.RegionVerify
                0x0000000008012df8       0x16 obj/Region.o
                0x0000000008012df8                RegionVerify
 .text.RegionApplyCFList
                0x0000000008012e0e        0xe obj/Region.o
                0x0000000008012e0e                RegionApplyCFList
 .text.RegionChanMaskSet
                0x0000000008012e1c       0x12 obj/Region.o
                0x0000000008012e1c                RegionChanMaskSet
 .text.RegionComputeRxWindowParameters
                0x0000000008012e2e       0x16 obj/Region.o
                0x0000000008012e2e                RegionComputeRxWindowParameters
 .text.RegionRxConfig
                0x0000000008012e44       0x16 obj/Region.o
                0x0000000008012e44                RegionRxConfig
 .text.RegionTxConfig
                0x0000000008012e5a       0x18 obj/Region.o
                0x0000000008012e5a                RegionTxConfig
 .text.RegionLinkAdrReq
                0x0000000008012e72       0x1e obj/Region.o
                0x0000000008012e72                RegionLinkAdrReq
 .text.RegionRxParamSetupReq
                0x0000000008012e90       0x12 obj/Region.o
                0x0000000008012e90                RegionRxParamSetupReq
 .text.RegionNewChannelReq
                0x0000000008012ea2       0x12 obj/Region.o
                0x0000000008012ea2                RegionNewChannelReq
 .text.RegionTxParamSetupReq
                0x0000000008012eb4       0x12 obj/Region.o
                0x0000000008012eb4                RegionTxParamSetupReq
 .text.RegionDlChannelReq
                0x0000000008012ec6       0x12 obj/Region.o
                0x0000000008012ec6                RegionDlChannelReq
 .text.RegionAlternateDr
                0x0000000008012ed8       0x12 obj/Region.o
                0x0000000008012ed8                RegionAlternateDr
 .text.RegionCalcBackOff
                0x0000000008012eea        0xe obj/Region.o
                0x0000000008012eea                RegionCalcBackOff
 .text.RegionNextChannel
                0x0000000008012ef8       0x1a obj/Region.o
                0x0000000008012ef8                RegionNextChannel
 .text.RegionSetContinuousWave
                0x0000000008012f12        0xe obj/Region.o
                0x0000000008012f12                RegionSetContinuousWave
 .text.RegionApplyDrOffset
                0x0000000008012f20       0x18 obj/Region.o
                0x0000000008012f20                RegionApplyDrOffset
 .text.RegionCommonGetJoinDc
                0x0000000008012f38       0x28 obj/RegionCommon.o
                0x0000000008012f38                RegionCommonGetJoinDc
 .text.RegionCommonChanVerifyDr
                0x0000000008012f60       0x6e obj/RegionCommon.o
                0x0000000008012f60                RegionCommonChanVerifyDr
 .text.RegionCommonValueInRange
                0x0000000008012fce       0x14 obj/RegionCommon.o
                0x0000000008012fce                RegionCommonValueInRange
 .text.RegionCommonChanDisable
                0x0000000008012fe2       0x2a obj/RegionCommon.o
                0x0000000008012fe2                RegionCommonChanDisable
 .text.RegionCommonCountChannels
                0x000000000801300c       0x40 obj/RegionCommon.o
                0x000000000801300c                RegionCommonCountChannels
 .text.RegionCommonChanMaskCopy
                0x000000000801304c       0x1c obj/RegionCommon.o
                0x000000000801304c                RegionCommonChanMaskCopy
 .text.RegionCommonSetBandTxDone
                0x0000000008013068        0xc obj/RegionCommon.o
                0x0000000008013068                RegionCommonSetBandTxDone
 .text.RegionCommonUpdateBandTimeOff
                0x0000000008013074       0xa0 obj/RegionCommon.o
                0x0000000008013074                RegionCommonUpdateBandTimeOff
 .text.RegionCommonParseLinkAdrReq
                0x0000000008013114       0x36 obj/RegionCommon.o
                0x0000000008013114                RegionCommonParseLinkAdrReq
 .text.RegionCommonLinkAdrReqVerifyParams
                0x000000000801314a       0x8e obj/RegionCommon.o
                0x000000000801314a                RegionCommonLinkAdrReqVerifyParams
 .text.RegionCommonComputeSymbolTimeLoRa
                0x00000000080131d8       0x34 obj/RegionCommon.o
                0x00000000080131d8                RegionCommonComputeSymbolTimeLoRa
 .text.RegionCommonComputeRxWindowParameters
                0x000000000801320c       0xc0 obj/RegionCommon.o
                0x000000000801320c                RegionCommonComputeRxWindowParameters
 .text.RegionCommonComputeTxPower
                0x00000000080132cc       0x2a obj/RegionCommon.o
                0x00000000080132cc                RegionCommonComputeTxPower
 .text.RegionCommonCalcBackOff
                0x00000000080132f6       0x58 obj/RegionCommon.o
                0x00000000080132f6                RegionCommonCalcBackOff
 *fill*         0x000000000801334e        0x2 
 .text.RegionUS915GetPhyParam
                0x0000000008013350      0x108 obj/RegionUS915.o
                0x0000000008013350                RegionUS915GetPhyParam
 .text.RegionUS915SetBandTxDone
                0x0000000008013458       0x24 obj/RegionUS915.o
                0x0000000008013458                RegionUS915SetBandTxDone
 .text.RegionUS915InitDefaults
                0x000000000801347c      0x138 obj/RegionUS915.o
                0x000000000801347c                RegionUS915InitDefaults
 .text.RegionUS915GetNvmCtx
                0x00000000080135b4       0x10 obj/RegionUS915.o
                0x00000000080135b4                RegionUS915GetNvmCtx
 .text.RegionUS915Verify
                0x00000000080135c4       0x46 obj/RegionUS915.o
                0x00000000080135c4                RegionUS915Verify
 *fill*         0x000000000801360a        0x2 
 .text.RegionUS915ApplyCFList
                0x000000000801360c       0x44 obj/RegionUS915.o
                0x000000000801360c                RegionUS915ApplyCFList
 .text.RegionUS915ChanMaskSet
                0x0000000008013650       0x6c obj/RegionUS915.o
                0x0000000008013650                RegionUS915ChanMaskSet
 .text.RegionUS915ComputeRxWindowParameters
                0x00000000080136bc       0x78 obj/RegionUS915.o
                0x00000000080136bc                RegionUS915ComputeRxWindowParameters
 .text.RegionUS915RxConfig
                0x0000000008013734       0xb8 obj/RegionUS915.o
                0x0000000008013734                RegionUS915RxConfig
 .text.RegionUS915TxConfig
                0x00000000080137ec      0x130 obj/RegionUS915.o
                0x00000000080137ec                RegionUS915TxConfig
 .text.RegionUS915LinkAdrReq
                0x000000000801391c      0x1e8 obj/RegionUS915.o
                0x000000000801391c                RegionUS915LinkAdrReq
 .text.RegionUS915RxParamSetupReq
                0x0000000008013b04       0x84 obj/RegionUS915.o
                0x0000000008013b04                RegionUS915RxParamSetupReq
 .text.RegionUS915NewChannelReq
                0x0000000008013b88        0x4 obj/RegionUS915.o
                0x0000000008013b88                RegionUS915NewChannelReq
 .text.RegionUS915TxParamSetupReq
                0x0000000008013b8c        0x6 obj/RegionUS915.o
                0x0000000008013b8c                RegionUS915TxParamSetupReq
 .text.RegionUS915DlChannelReq
                0x0000000008013b92        0x4 obj/RegionUS915.o
                0x0000000008013b92                RegionUS915DlChannelReq
 *fill*         0x0000000008013b96        0x2 
 .text.RegionUS915AlternateDr
                0x0000000008013b98       0x28 obj/RegionUS915.o
                0x0000000008013b98                RegionUS915AlternateDr
 .text.RegionUS915CalcBackOff
                0x0000000008013bc0       0x38 obj/RegionUS915.o
                0x0000000008013bc0                RegionUS915CalcBackOff
 .text.RegionUS915NextChannel
                0x0000000008013bf8      0x1fc obj/RegionUS915.o
                0x0000000008013bf8                RegionUS915NextChannel
 .text.RegionUS915SetContinuousWave
                0x0000000008013df4       0x84 obj/RegionUS915.o
                0x0000000008013df4                RegionUS915SetContinuousWave
 .text.RegionUS915ApplyDrOffset
                0x0000000008013e78       0x18 obj/RegionUS915.o
                0x0000000008013e78                RegionUS915ApplyDrOffset
 .text.LPM_SetStopMode
                0x0000000008013e90       0x2c obj/low_power_manager.o
                0x0000000008013e90                LPM_SetStopMode
 .text.LPM_GetMode
                0x0000000008013ebc       0x28 obj/low_power_manager.o
                0x0000000008013ebc                LPM_GetMode
 .text.LPM_EnterOffMode
                0x0000000008013ee4        0x2 obj/low_power_manager.o
                0x0000000008013ee4                LPM_EnterOffMode
 .text.LPM_ExitOffMode
                0x0000000008013ee6        0x2 obj/low_power_manager.o